Archive member included to satisfy reference by file (symbol)

app/libapp.a(main.c.obj)      (--whole-archive)
app/libapp.a(bus_manager.c.obj)
                              (--whole-archive)
app/libapp.a(usb_task.c.obj)  (--whole-archive)
app/libapp.a(frontend_api.c.obj)
                              (--whole-archive)
app/libapp.a(battery_defs.c.obj)
                              (--whole-archive)
app/libapp.a(battery_soc.c.obj)
                              (--whole-archive)
app/libapp.a(bq25798.c.obj)   (--whole-archive)
app/libapp.a(diagnostics.c.obj)
                              (--whole-archive)
app/libapp.a(error_manager.c.obj)
                              (--whole-archive)
app/libapp.a(ext_interfaces.c.obj)
                              (--whole-archive)
app/libapp.a(fpga.c.obj)      (--whole-archive)
app/libapp.a(joystick.c.obj)  (--whole-archive)
app/libapp.a(led_manager.c.obj)
                              (--whole-archive)
app/libapp.a(powerMonitor.c.obj)
                              (--whole-archive)
app/libapp.a(sys_power.c.obj)
                              (--whole-archive)
zephyr/libzephyr.a(crc32c_sw.c.obj)
                              (--whole-archive)
zephyr/libzephyr.a(crc32_sw.c.obj)
                              (--whole-archive)
zephyr/libzephyr.a(crc16_sw.c.obj)
                              (--whole-archive)
zephyr/libzephyr.a(crc8_sw.c.obj)
                              (--whole-archive)
zephyr/libzephyr.a(crc7_sw.c.obj)
                              (--whole-archive)
zephyr/libzephyr.a(crc4_sw.c.obj)
                              (--whole-archive)
zephyr/libzephyr.a(heap.c.obj)
                              (--whole-archive)
zephyr/libzephyr.a(cbprintf_packaged.c.obj)
                              (--whole-archive)
zephyr/libzephyr.a(printk.c.obj)
                              (--whole-archive)
zephyr/libzephyr.a(sem.c.obj)
                              (--whole-archive)
zephyr/libzephyr.a(thread_entry.c.obj)
                              (--whole-archive)
zephyr/libzephyr.a(cbprintf_complete.c.obj)
                              (--whole-archive)
zephyr/libzephyr.a(assert.c.obj)
                              (--whole-archive)
zephyr/libzephyr.a(reboot.c.obj)
                              (--whole-archive)
zephyr/libzephyr.a(dec.c.obj)
                              (--whole-archive)
zephyr/libzephyr.a(hex.c.obj)
                              (--whole-archive)
zephyr/libzephyr.a(rb.c.obj)  (--whole-archive)
zephyr/libzephyr.a(timeutil.c.obj)
                              (--whole-archive)
zephyr/libzephyr.a(bitarray.c.obj)
                              (--whole-archive)
zephyr/libzephyr.a(ring_buffer.c.obj)
                              (--whole-archive)
zephyr/libzephyr.a(configs.c.obj)
                              (--whole-archive)
zephyr/libzephyr.a(soc.c.obj)
                              (--whole-archive)
zephyr/libzephyr.a(stm32cube_hal.c.obj)
                              (--whole-archive)
zephyr/libzephyr.a(soc_config.c.obj)
                              (--whole-archive)
zephyr/libzephyr.a(thread_info.c.obj)
                              (--whole-archive)
zephyr/libzephyr.a(thread_analyzer.c.obj)
                              (--whole-archive)
zephyr/libzephyr.a(mem_attr.c.obj)
                              (--whole-archive)
zephyr/libzephyr.a(flash_map.c.obj)
                              (--whole-archive)
zephyr/libzephyr.a(flash_map_default.c.obj)
                              (--whole-archive)
zephyr/libzephyr.a(flash_map_layout.c.obj)
                              (--whole-archive)
zephyr/libzephyr.a(stream_flash.c.obj)
                              (--whole-archive)
zephyr/libzephyr.a(tracing_none.c.obj)
                              (--whole-archive)
zephyr/libzephyr.a(usb_device.c.obj)
                              (--whole-archive)
zephyr/libzephyr.a(usb_descriptor.c.obj)
                              (--whole-archive)
zephyr/libzephyr.a(usb_transfer.c.obj)
                              (--whole-archive)
zephyr/libzephyr.a(cdc_acm.c.obj)
                              (--whole-archive)
zephyr/libzephyr.a(usb_work_q.c.obj)
                              (--whole-archive)
zephyr/libzephyr.a(disk_access.c.obj)
                              (--whole-archive)
zephyr/libzephyr.a(flash_img.c.obj)
                              (--whole-archive)
zephyr/arch/common/libarch__common.a(sw_isr_common.c.obj)
                              (--whole-archive)
zephyr/arch/arch/arm/core/libarch__arm__core.a(fatal.c.obj)
                              (--whole-archive)
zephyr/arch/arch/arm/core/libarch__arm__core.a(nmi.c.obj)
                              (--whole-archive)
zephyr/arch/arch/arm/core/libarch__arm__core.a(nmi_on_reset.S.obj)
                              (--whole-archive)
zephyr/arch/arch/arm/core/libarch__arm__core.a(tls.c.obj)
                              (--whole-archive)
zephyr/arch/arch/arm/core/cortex_m/libarch__arm__core__cortex_m.a(exc_exit.S.obj)
[...]
Memory Configuration

Name             Origin             Length             Attributes
FLASH            0x0000000008000000 0x0000000000080000 xr
RAM              0x0000000020000000 0x0000000000024000 xw
IDT_LIST         0x00000000ffff7fff 0x0000000000008000 xw
*default*        0x0000000000000000 0xffffffffffffffff

Linker script and memory map

                0x00000000080102a4                vfprintf = __d_vfprintf
                0x0000000000000000                vfscanf = __d_vfscanf
LOAD zephyr/CMakeFiles/zephyr_pre0.dir/misc/empty_file.c.obj
LOAD zephyr/CMakeFiles/offsets.dir/./arch/arm/core/offsets/offsets.c.obj
LOAD app/libapp.a
LOAD zephyr/libzephyr.a
LOAD zephyr/arch/common/libarch__common.a
LOAD zephyr/arch/arch/arm/core/libarch__arm__core.a
LOAD zephyr/arch/arch/arm/core/cortex_m/libarch__arm__core__cortex_m.a
LOAD zephyr/arch/arch/arm/core/mpu/libarch__arm__core__mpu.a
LOAD zephyr/lib/libc/picolibc/liblib__libc__picolibc.a
LOAD zephyr/lib/libc/common/liblib__libc__common.a
LOAD zephyr/subsys/fs/libsubsys__fs.a
LOAD zephyr/subsys/sd/libsubsys__sd.a
LOAD zephyr/subsys/dfu/boot/libsubsys__dfu__boot.a
LOAD zephyr/drivers/disk/libdrivers__disk.a
LOAD zephyr/drivers/interrupt_controller/libdrivers__interrupt_controller.a
LOAD zephyr/drivers/usb/device/libdrivers__usb__device.a
LOAD zephyr/drivers/adc/libdrivers__adc.a
LOAD zephyr/drivers/clock_control/libdrivers__clock_control.a
LOAD zephyr/drivers/dma/libdrivers__dma.a
LOAD zephyr/drivers/flash/libdrivers__flash.a
LOAD zephyr/drivers/gpio/libdrivers__gpio.a
LOAD zephyr/drivers/hwinfo/libdrivers__hwinfo.a
LOAD zephyr/drivers/i2c/libdrivers__i2c.a
LOAD zephyr/drivers/pinctrl/libdrivers__pinctrl.a
LOAD zephyr/drivers/reset/libdrivers__reset.a
LOAD zephyr/drivers/sdhc/libdrivers__sdhc.a
LOAD zephyr/drivers/serial/libdrivers__serial.a
LOAD zephyr/drivers/spi/libdrivers__spi.a
LOAD zephyr/drivers/timer/libdrivers__timer.a
LOAD modules/fatfs/libmodules__fatfs.a
LOAD modules/stm32/stm32cube/lib..__modules__hal__stm32__stm32cube.a
LOAD modules/mcuboot/libmcuboot_util.a
LOAD zephyr/kernel/libkernel.a
LOAD c:/ncs/toolchains/fd21892d0f/opt/zephyr-sdk/arm-zephyr-eabi/bin/../lib/gcc/arm-zephyr-eabi/12.2.0/thumb/v6-m/nofp\libgcc.a
LOAD zephyr/arch/common/libisr_tables.a
LOAD c:\ncs\toolchains\fd21892d0f\opt\zephyr-sdk\arm-zephyr-eabi\bin\../lib/gcc/../../picolibc/arm-zephyr-eabi/lib/thumb/v6-m/nofp\libc.a
LOAD c:/ncs/toolchains/fd21892d0f/opt/zephyr-sdk/arm-zephyr-eabi/bin/../lib/gcc/arm-zephyr-eabi/12.2.0/thumb/v6-m/nofp\libgcc.a
                0x0000000000000100                _region_min_align = 0x100

.rel.plt        0x0000000008000000        0x0
 *(SORT_BY_ALIGNMENT(.rel.plt))
                [!provide]                        PROVIDE (__rel_iplt_start = .)
 *(SORT_BY_ALIGNMENT(.rel.iplt))
 .rel.iplt      0x0000000008000000        0x0 app/libapp.a(main.c.obj)
                [!provide]                        PROVIDE (__rel_iplt_end = .)

.rela.plt       0x0000000000000000        0x0
 *(SORT_BY_ALIGNMENT(.rela.plt))
                [!provide]                        PROVIDE (__rela_iplt_start = .)
 *(SORT_BY_ALIGNMENT(.rela.iplt))
                [!provide]                        PROVIDE (__rela_iplt_end = .)

.rel.dyn
 *(SORT_BY_ALIGNMENT(.rel.*))

.rela.dyn
 *(SORT_BY_ALIGNMENT(.rela.*))

/DISCARD/
 *(SORT_BY_ALIGNMENT(.plt))

/DISCARD/
 *(SORT_BY_ALIGNMENT(.iplt))
                0x0000000008000000                __rom_region_start = 0x8000000

rom_start       0x0000000008000000       0xbc
                0x0000000008000000                __rom_start_address = .
 FILL mask 0x00
                0x0000000008000000                . = (. + (0x0 - (. - __rom_start_address)))
                0x0000000008000000                . = ALIGN (0x4)
                0x0000000008000000                . = ALIGN (0x100)
                0x0000000008000000                . = ALIGN (0x100)
                0x0000000008000000                _vector_start = .
 *(SORT_BY_ALIGNMENT(.exc_vector_table))
 *(SORT_BY_ALIGNMENT(.exc_vector_table.*))
 .exc_vector_table._vector_table_section
                0x0000000008000000       0x40 zephyr/arch/arch/arm/core/cortex_m/libarch__arm__core__cortex_m.a(vector_table.S.obj)
                0x0000000008000000                _vector_table
 *(SORT_BY_ALIGNMENT(.vectors))
                0x00000000080000bc                _vector_end = .
                0x0000000008000040                . = ALIGN (0x4)
 *(SORT_BY_ALIGNMENT(.gnu.linkonce.irq_vector_table*))
 .gnu.linkonce.irq_vector_table
                0x0000000008000040       0x7c zephyr/arch/common/libisr_tables.a(isr_tables.c.obj)
                0x0000000008000040                _irq_vector_table
                0x00000000080000bc                _vector_end = .

text            0x00000000080000bc    0x16a88
                0x00000000080000bc                __text_region_start = .
 *(SORT_BY_ALIGNMENT(.text))
 .text          0x00000000080000bc       0x14 c:/ncs/toolchains/fd21892d0f/opt/zephyr-sdk/arm-zephyr-eabi/bin/../lib/gcc/arm-zephyr-eabi/12.2.0/thumb/v6-m/nofp\libgcc.a(_thumb1_case_sqi.o)
                0x00000000080000bc                __gnu_thumb1_case_sqi
 .text          0x00000000080000d0       0x14 c:/ncs/toolchains/fd21892d0f/opt/zephyr-sdk/arm-zephyr-eabi/bin/../lib/gcc/arm-zephyr-eabi/12.2.0/thumb/v6-m/nofp\libgcc.a(_thumb1_case_uqi.o)
                0x00000000080000d0                __gnu_thumb1_case_uqi
 .text          0x00000000080000e4       0x8c c:/ncs/toolchains/fd21892d0f/opt/zephyr-sdk/arm-zephyr-eabi/bin/../lib/gcc/arm-zephyr-eabi/12.2.0/thumb/v6-m/nofp\libgcc.a(_udivsi3.o)
                0x00000000080000e4                __aeabi_uidiv
                0x00000000080000e4                __udivsi3
                0x000000000800015c                __aeabi_uidivmod
 .text          0x0000000008000170       0xa8 c:/ncs/toolchains/fd21892d0f/opt/zephyr-sdk/arm-zephyr-eabi/bin/../lib/gcc/arm-zephyr-eabi/12.2.0/thumb/v6-m/nofp\libgcc.a(_divsi3.o)
                0x0000000008000170                __divsi3
                0x0000000008000170                __aeabi_idiv
                0x0000000008000204                __aeabi_idivmod
 .text          0x0000000008000218        0x4 c:/ncs/toolchains/fd21892d0f/opt/zephyr-sdk/arm-zephyr-eabi/bin/../lib/gcc/arm-zephyr-eabi/12.2.0/thumb/v6-m/nofp\libgcc.a(_dvmd_tls.o)
                0x0000000008000218                __aeabi_idiv0
                0x0000000008000218                __aeabi_ldiv0
 .text          0x000000000800021c       0x18 c:/ncs/toolchains/fd21892d0f/opt/zephyr-sdk/arm-zephyr-eabi/bin/../lib/gcc/arm-zephyr-eabi/12.2.0/thumb/v6-m/nofp\libgcc.a(_lshrdi3.o)
                0x000000000800021c                __lshrdi3
                0x000000000800021c                __aeabi_llsr
 .text          0x0000000008000234       0x74 c:/ncs/toolchains/fd21892d0f/opt/zephyr-sdk/arm-zephyr-eabi/bin/../lib/gcc/arm-zephyr-eabi/12.2.0/thumb/v6-m/nofp\libgcc.a(_arm_cmpsf2.o)
                0x0000000008000234                __aeabi_cfrcmple
                0x000000000800023c                __aeabi_cfcmpeq
                0x000000000800023c                __aeabi_cfcmple
                0x000000000800024c                __aeabi_fcmpeq
                0x0000000008000258                __aeabi_fcmplt
                0x000000000800026c                __aeabi_fcmple
                0x0000000008000280                __aeabi_fcmpgt
                0x0000000008000294                __aeabi_fcmpge
 .text          0x00000000080002a8       0x3c c:/ncs/toolchains/fd21892d0f/opt/zephyr-sdk/arm-zephyr-eabi/bin/../lib/gcc/arm-zephyr-eabi/12.2.0/thumb/v6-m/nofp\libgcc.a(_clzsi2.o)
                0x00000000080002a8                __clzsi2
 .text          0x00000000080002e4       0x40 c:/ncs/toolchains/fd21892d0f/opt/zephyr-sdk/arm-zephyr-eabi/bin/../lib/gcc/arm-zephyr-eabi/12.2.0/thumb/v6-m/nofp\libgcc.a(_ctzsi2.o)
                0x00000000080002e4                __ctzsi2
 .text          0x0000000008000324       0x40 c:/ncs/toolchains/fd21892d0f/opt/zephyr-sdk/arm-zephyr-eabi/bin/../lib/gcc/arm-zephyr-eabi/12.2.0/thumb/v6-m/nofp\libgcc.a(_aeabi_uldivmod.o)
                0x0000000008000324                __aeabi_uldivmod
 .text          0x0000000008000364       0x34 c:/ncs/toolchains/fd21892d0f/opt/zephyr-sdk/arm-zephyr-eabi/bin/../lib/gcc/arm-zephyr-eabi/12.2.0/thumb/v6-m/nofp\libgcc.a(_popcountsi2.o)
                0x0000000008000364                __popcountsi2
 .text          0x0000000008000398      0x2e8 c:/ncs/toolchains/fd21892d0f/opt/zephyr-sdk/arm-zephyr-eabi/bin/../lib/gcc/arm-zephyr-eabi/12.2.0/thumb/v6-m/nofp\libgcc.a(addsf3.o)
                0x0000000008000398                __aeabi_fadd
 .text          0x0000000008000680      0x1c4 c:/ncs/toolchains/fd21892d0f/opt/zephyr-sdk/arm-zephyr-eabi/bin/../lib/gcc/arm-zephyr-eabi/12.2.0/thumb/v6-m/nofp\libgcc.a(divsf3.o)
                0x0000000008000680                __aeabi_fdiv
 .text          0x0000000008000844      0x1ec c:/ncs/toolchains/fd21892d0f/opt/zephyr-sdk/arm-zephyr-eabi/bin/../lib/gcc/arm-zephyr-eabi/12.2.0/thumb/v6-m/nofp\libgcc.a(mulsf3.o)
                0x0000000008000844                __aeabi_fmul
 .text          0x0000000008000a30      0x32c c:/ncs/toolchains/fd21892d0f/opt/zephyr-sdk/arm-zephyr-eabi/bin/../lib/gcc/arm-zephyr-eabi/12.2.0/thumb/v6-m/nofp\libgcc.a(subsf3.o)
                0x0000000008000a30                __aeabi_fsub
 .text          0x0000000008000d5c       0x3c c:/ncs/toolchains/fd21892d0f/opt/zephyr-sdk/arm-zephyr-eabi/bin/../lib/gcc/arm-zephyr-eabi/12.2.0/thumb/v6-m/nofp\libgcc.a(fixsfsi.o)
                0x0000000008000d5c                __aeabi_f2iz
 .text          0x0000000008000d98       0x88 c:/ncs/toolchains/fd21892d0f/opt/zephyr-sdk/arm-zephyr-eabi/bin/../lib/gcc/arm-zephyr-eabi/12.2.0/thumb/v6-m/nofp\libgcc.a(floatsisf.o)
                0x0000000008000d98                __aeabi_i2f
 .text          0x0000000008000e20       0x78 c:/ncs/toolchains/fd21892d0f/opt/zephyr-sdk/arm-zephyr-eabi/bin/../lib/gcc/arm-zephyr-eabi/12.2.0/thumb/v6-m/nofp\libgcc.a(floatunsisf.o)
                0x0000000008000e20                __aeabi_ui2f
 .text          0x0000000008000e98       0x84 c:/ncs/toolchains/fd21892d0f/opt/zephyr-sdk/arm-zephyr-eabi/bin/../lib/gcc/arm-zephyr-eabi/12.2.0/thumb/v6-m/nofp\libgcc.a(extendsfdf2.o)
                0x0000000008000e98                __aeabi_f2d
 .text          0x0000000008000f1c      0x118 c:/ncs/toolchains/fd21892d0f/opt/zephyr-sdk/arm-zephyr-eabi/bin/../lib/gcc/arm-zephyr-eabi/12.2.0/thumb/v6-m/nofp\libgcc.a(truncdfsf2.o)
                0x0000000008000f1c                __aeabi_d2f
 .text          0x0000000008001034       0x14 c:/ncs/toolchains/fd21892d0f/opt/zephyr-sdk/arm-zephyr-eabi/bin/../lib/gcc/arm-zephyr-eabi/12.2.0/thumb/v6-m/nofp\libgcc.a(_thumb1_case_uhi.o)
                0x0000000008001034                __gnu_thumb1_case_uhi
 .text          0x0000000008001048       0x18 c:/ncs/toolchains/fd21892d0f/opt/zephyr-sdk/arm-zephyr-eabi/bin/../lib/gcc/arm-zephyr-eabi/12.2.0/thumb/v6-m/nofp\libgcc.a(_ashldi3.o)
                0x0000000008001048                __aeabi_llsl
                0x0000000008001048                __ashldi3
 .text          0x0000000008001060       0x7c c:/ncs/toolchains/fd21892d0f/opt/zephyr-sdk/arm-zephyr-eabi/bin/../lib/gcc/arm-zephyr-eabi/12.2.0/thumb/v6-m/nofp\libgcc.a(_arm_cmpdf2.o)
                0x0000000008001060                __aeabi_cdrcmple
                0x0000000008001070                __aeabi_cdcmple
                0x0000000008001070                __aeabi_cdcmpeq
                0x0000000008001080                __aeabi_dcmpeq
                0x000000000800108c                __aeabi_dcmplt
                0x00000000080010a0                __aeabi_dcmple
                0x00000000080010b4                __aeabi_dcmpgt
                0x00000000080010c8                __aeabi_dcmpge
 .text          0x00000000080010dc       0x18 c:/ncs/toolchains/fd21892d0f/opt/zephyr-sdk/arm-zephyr-eabi/bin/../lib/gcc/arm-zephyr-eabi/12.2.0/thumb/v6-m/nofp\libgcc.a(_clzdi2.o)
                0x00000000080010dc                __clzdi2
 .text          0x00000000080010f4       0x84 c:/ncs/toolchains/fd21892d0f/opt/zephyr-sdk/arm-zephyr-eabi/bin/../lib/gcc/arm-zephyr-eabi/12.2.0/thumb/v6-m/nofp\libgcc.a(eqdf2.o)
                0x00000000080010f4                __nedf2
                0x00000000080010f4                __eqdf2
 .text          0x0000000008001178       0xec c:/ncs/toolchains/fd21892d0f/opt/zephyr-sdk/arm-zephyr-eabi/bin/../lib/gcc/arm-zephyr-eabi/12.2.0/thumb/v6-m/nofp\libgcc.a(gedf2.o)
                0x0000000008001178                __gedf2
                0x0000000008001178                __gtdf2
 .text          0x0000000008001264       0xf0 c:/ncs/toolchains/fd21892d0f/opt/zephyr-sdk/arm-zephyr-eabi/bin/../lib/gcc/arm-zephyr-eabi/12.2.0/thumb/v6-m/nofp\libgcc.a(ledf2.o)
                0x0000000008001264                __ledf2
                0x0000000008001264                __ltdf2
 .text          0x0000000008001354       0x1c c:/ncs/toolchains/fd21892d0f/opt/zephyr-sdk/arm-zephyr-eabi/bin/../lib/gcc/arm-zephyr-eabi/12.2.0/thumb/v6-m/nofp\libgcc.a(_ashrdi3.o)
                0x0000000008001354                __aeabi_lasr
                0x0000000008001354                __ashrdi3
 .text          0x0000000008001370       0x44 c:/ncs/toolchains/fd21892d0f/opt/zephyr-sdk/arm-zephyr-eabi/bin/../lib/gcc/arm-zephyr-eabi/12.2.0/thumb/v6-m/nofp\libgcc.a(_muldi3.o)
                0x0000000008001370                __muldi3
                0x0000000008001370                __aeabi_lmul
 .text          0x00000000080013b4        0xe c:/ncs/toolchains/fd21892d0f/opt/zephyr-sdk/arm-zephyr-eabi/bin/../lib/gcc/arm-zephyr-eabi/12.2.0/thumb/v6-m/nofp\libgcc.a(_ffssi2.o)
                0x00000000080013b4                __ffssi2
 .text          0x00000000080013c2       0x2e c:/ncs/toolchains/fd21892d0f/opt/zephyr-sdk/arm-zephyr-eabi/bin/../lib/gcc/arm-zephyr-eabi/12.2.0/thumb/v6-m/nofp\libgcc.a(_fixunssfsi.o)
                0x00000000080013c2                __fixunssfsi
                0x00000000080013c2                __aeabi_f2uiz
 .text          0x00000000080013f0       0xde c:/ncs/toolchains/fd21892d0f/opt/zephyr-sdk/arm-zephyr-eabi/bin/../lib/gcc/arm-zephyr-eabi/12.2.0/thumb/v6-m/nofp\libgcc.a(_udivmoddi4.o)
                0x00000000080013f0                __udivmoddi4
 .text          0x00000000080014ce       0x4e c:/ncs/toolchains/fd21892d0f/opt/zephyr-sdk/arm-zephyr-eabi/bin/../lib/gcc/arm-zephyr-eabi/12.2.0/thumb/v6-m/nofp\libgcc.a(eqsf2.o)
                0x00000000080014ce                __eqsf2
                0x00000000080014ce                __nesf2
 .text          0x000000000800151c       0x9c c:/ncs/toolchains/fd21892d0f/opt/zephyr-sdk/arm-zephyr-eabi/bin/../lib/gcc/arm-zephyr-eabi/12.2.0/thumb/v6-m/nofp\libgcc.a(gesf2.o)
                0x000000000800151c                __gesf2
                0x000000000800151c                __gtsf2
 .text          0x00000000080015b8       0xa0 c:/ncs/toolchains/fd21892d0f/opt/zephyr-sdk/arm-zephyr-eabi/bin/../lib/gcc/arm-zephyr-eabi/12.2.0/thumb/v6-m/nofp\libgcc.a(lesf2.o)
                0x00000000080015b8                __ltsf2
                0x00000000080015b8                __lesf2
 .text          0x0000000008001658       0x14 c:\ncs\toolchains\fd21892d0f\opt\zephyr-sdk\arm-zephyr-eabi\bin\../lib/gcc/../../picolibc/arm-zephyr-eabi/lib/thumb/v6-m/nofp\libc.a(strcmp.S.o)
                0x0000000008001658                strcmp
 .text          0x000000000800166c       0x10 c:\ncs\toolchains\fd21892d0f\opt\zephyr-sdk\arm-zephyr-eabi\bin\../lib/gcc/../../picolibc/arm-zephyr-eabi/lib/thumb/v6-m/nofp\libc.a(strcpy.S.o)
                0x000000000800166c                strcpy
 .text          0x000000000800167c        0xe c:\ncs\toolchains\fd21892d0f\opt\zephyr-sdk\arm-zephyr-eabi\bin\../lib/gcc/../../picolibc/arm-zephyr-eabi/lib/thumb/v6-m/nofp\libc.a(strlen.S.o)
                0x000000000800167c                strlen
 *(SORT_BY_ALIGNMENT(.text.*))
 *fill*         0x000000000800168a        0x2 
 .text.OTA_Update_From_SD
                0x000000000800168c       0xb4 app/libapp.a(main.c.obj)
                0x000000000800168c                OTA_Update_From_SD
 .text.main     0x0000000008001740      0x318 app/libapp.a(main.c.obj)
                0x0000000008001740                main
 .text.BusManager_LockI2C
                0x0000000008001a58       0x1c app/libapp.a(bus_manager.c.obj)
                0x0000000008001a58                BusManager_LockI2C
 .text.BusManager_UnlockI2C
                0x0000000008001a74       0x10 app/libapp.a(bus_manager.c.obj)
                0x0000000008001a74                BusManager_UnlockI2C
 .text.usb_task_fn.part.0
                0x0000000008001a84       0xac app/libapp.a(usb_task.c.obj)
 .text.usb_task_fn
                0x0000000008001b30       0x18 app/libapp.a(usb_task.c.obj)
                0x0000000008001b30                usb_task_fn
 .text.USB_Printf
                0x0000000008001b48       0x30 app/libapp.a(usb_task.c.obj)
                0x0000000008001b48                USB_Printf
 .text.arch_printk_char_out
                0x0000000008001b78       0x58 app/libapp.a(usb_task.c.obj)
                0x0000000008001b78                arch_printk_char_out
 .text.Cmd_SPI  0x0000000008001bd0      0x1c8 app/libapp.a(frontend_api.c.obj)
 .text.Cmd_EXT  0x0000000008001d98      0x2b0 app/libapp.a(frontend_api.c.obj)
 .text.Cmd_MEM  0x0000000008002048       0x14 app/libapp.a(frontend_api.c.obj)
 .text.Cmd_IO   0x000000000800205c       0xbc app/libapp.a(frontend_api.c.obj)
 .text.Cmd_BQ   0x0000000008002118      0x2b0 app/libapp.a(frontend_api.c.obj)
 .text.Cmd_TELEM
                0x00000000080023c8       0xb4 app/libapp.a(frontend_api.c.obj)
 .text.Cmd_LED  0x000000000800247c       0xa0 app/libapp.a(frontend_api.c.obj)
 .text.Cmd_SCAN
                0x000000000800251c       0x54 app/libapp.a(frontend_api.c.obj)
 .text.Cmd_ADC  0x0000000008002570       0x24 app/libapp.a(frontend_api.c.obj)
 .text.Cmd_UART
                0x0000000008002594       0x34 app/libapp.a(frontend_api.c.obj)
 .text.Cmd_BENCHMARK
                0x00000000080025c8       0xac app/libapp.a(frontend_api.c.obj)
 .text.Cmd_GET_SLOT
                0x0000000008002674       0x50 app/libapp.a(frontend_api.c.obj)
 .text.Cmd_SETCLK
                0x00000000080026c4       0x54 app/libapp.a(frontend_api.c.obj)
 .text.Cmd_RAW_TEST
                0x0000000008002718       0x20 app/libapp.a(frontend_api.c.obj)
 .text.k_sem_give.constprop.0
                0x0000000008002738       0x10 app/libapp.a(frontend_api.c.obj)
 .text.frontend_disk_write_task
                0x0000000008002748       0x48 app/libapp.a(frontend_api.c.obj)
 .text.k_sem_take.constprop.0
                0x0000000008002790       0x14 app/libapp.a(frontend_api.c.obj)
 .text.Cmd_START
                0x00000000080027a4      0x148 app/libapp.a(frontend_api.c.obj)
 .text.Cmd_SYS  0x00000000080028ec      0x35c app/libapp.a(frontend_api.c.obj)
 .text.Cmd_READ_TEST
                0x0000000008002c48       0x20 app/libapp.a(frontend_api.c.obj)
 .text.Cmd_SD_TEST
                0x0000000008002c68       0x20 app/libapp.a(frontend_api.c.obj)
 .text.Cmd_SECTOR_TEST
                0x0000000008002c88       0x20 app/libapp.a(frontend_api.c.obj)
 .text.Frontend_ExecuteCommand
                0x0000000008002ca8       0x70 app/libapp.a(frontend_api.c.obj)
                0x0000000008002ca8                Frontend_ExecuteCommand
 .text.Cmd_MACRO
                0x0000000008002d18       0xdc app/libapp.a(frontend_api.c.obj)
 .text.Frontend_ProcessBlock
                0x0000000008002df4      0x1d4 app/libapp.a(frontend_api.c.obj)
                0x0000000008002df4                Frontend_ProcessBlock
 .text.Frontend_CheckTimeout
                0x0000000008002fc8       0x5c app/libapp.a(frontend_api.c.obj)
                0x0000000008002fc8                Frontend_CheckTimeout
 .text.Frontend_Init
                0x0000000008003024       0x20 app/libapp.a(frontend_api.c.obj)
                0x0000000008003024                Frontend_Init
 .text.BatterySOC_Init
                0x0000000008003044       0x30 app/libapp.a(battery_soc.c.obj)
                0x0000000008003044                BatterySOC_Init
 .text.BatterySOC_Update
                0x0000000008003074      0x1a4 app/libapp.a(battery_soc.c.obj)
                0x0000000008003074                BatterySOC_Update
 .text.bq_write_word
                0x0000000008003218       0x50 app/libapp.a(bq25798.c.obj)
 .text.i2c_burst_read_dt.constprop.0
                0x0000000008003268       0x38 app/libapp.a(bq25798.c.obj)
 .text.i2c_reg_read_byte_dt.constprop.0
                0x00000000080032a0       0x38 app/libapp.a(bq25798.c.obj)
 .text.bq_update_bits
                0x00000000080032d8       0x90 app/libapp.a(bq25798.c.obj)
 .text.bq_write_byte
                0x0000000008003368       0x44 app/libapp.a(bq25798.c.obj)
 .text.BQ25798_ReadAll
                0x00000000080033ac      0x190 app/libapp.a(bq25798.c.obj)
                0x00000000080033ac                BQ25798_ReadAll
 .text.BQ25798_DumpRegisters
                0x000000000800353c       0xb4 app/libapp.a(bq25798.c.obj)
                0x000000000800353c                BQ25798_DumpRegisters
 .text.BQ25798_Init
                0x00000000080035f0       0x64 app/libapp.a(bq25798.c.obj)
                0x00000000080035f0                BQ25798_Init
 .text.BQ25798_SetMinSystemVoltage
                0x0000000008003654       0x2c app/libapp.a(bq25798.c.obj)
                0x0000000008003654                BQ25798_SetMinSystemVoltage
 .text.BQ25798_SetOTGVoltage
                0x0000000008003680       0x34 app/libapp.a(bq25798.c.obj)
                0x0000000008003680                BQ25798_SetOTGVoltage
 .text.BQ25798_AdjustVOTG
                0x00000000080036b4       0x58 app/libapp.a(bq25798.c.obj)
                0x00000000080036b4                BQ25798_AdjustVOTG
 .text.BQ25798_RearmBackup
                0x000000000800370c       0x9c app/libapp.a(bq25798.c.obj)
                0x000000000800370c                BQ25798_RearmBackup
 .text.BQ25798_SetAutoRearm
                0x00000000080037a8        0xc app/libapp.a(bq25798.c.obj)
                0x00000000080037a8                BQ25798_SetAutoRearm
 .text.BQ25798_ToggleAutoRearm
                0x00000000080037b4       0x10 app/libapp.a(bq25798.c.obj)
                0x00000000080037b4                BQ25798_ToggleAutoRearm
 .text.BQ25798_TogglePFM
                0x00000000080037c4       0x64 app/libapp.a(bq25798.c.obj)
                0x00000000080037c4                BQ25798_TogglePFM
 .text.BQ25798_SetEMA
                0x0000000008003828       0x34 app/libapp.a(bq25798.c.obj)
                0x0000000008003828                BQ25798_SetEMA
 .text.BQ25798_GetJson
                0x000000000800385c       0x58 app/libapp.a(bq25798.c.obj)
                0x000000000800385c                BQ25798_GetJson
 .text.Diag_RunI2CBenchmark
                0x00000000080038b4      0x100 app/libapp.a(diagnostics.c.obj)
                0x00000000080038b4                Diag_RunI2CBenchmark
 .text.Diag_RunSDCardTest
                0x00000000080039b4       0x10 app/libapp.a(diagnostics.c.obj)
                0x00000000080039b4                Diag_RunSDCardTest
 .text.Diag_RunRawSpeedTest
                0x00000000080039c4       0x10 app/libapp.a(diagnostics.c.obj)
                0x00000000080039c4                Diag_RunRawSpeedTest
 .text.Diag_RunRawSectorTest
                0x00000000080039d4       0x10 app/libapp.a(diagnostics.c.obj)
                0x00000000080039d4                Diag_RunRawSectorTest
 .text.Diag_RunUSBReadTest
                0x00000000080039e4       0x10 app/libapp.a(diagnostics.c.obj)
                0x00000000080039e4                Diag_RunUSBReadTest
 .text.gpio_toggle_handler
                0x00000000080039f4       0x14 app/libapp.a(ext_interfaces.c.obj)
 .text.gpio_pin_configure_dt.constprop.0.isra.0
                0x0000000008003a08       0x24 app/libapp.a(ext_interfaces.c.obj)
 .text.EXT_UART_Tx
                0x0000000008003a2c       0x4c app/libapp.a(ext_interfaces.c.obj)
                0x0000000008003a2c                EXT_UART_Tx
 .text.EXT_I2C_Write
                0x0000000008003a78       0x88 app/libapp.a(ext_interfaces.c.obj)
                0x0000000008003a78                EXT_I2C_Write
 .text.EXT_GPIO_Write
                0x0000000008003b00       0x5c app/libapp.a(ext_interfaces.c.obj)
                0x0000000008003b00                EXT_GPIO_Write
 .text.EXT_GPIO_Toggle
                0x0000000008003b5c       0x78 app/libapp.a(ext_interfaces.c.obj)
                0x0000000008003b5c                EXT_GPIO_Toggle
 .text.EXT_ADC_Read
                0x0000000008003bd4       0xbc app/libapp.a(ext_interfaces.c.obj)
                0x0000000008003bd4                EXT_ADC_Read
 .text.EXT_DAC_Set
                0x0000000008003c90       0x18 app/libapp.a(ext_interfaces.c.obj)
                0x0000000008003c90                EXT_DAC_Set
 .text.EXT_DAC_Wave
                0x0000000008003ca8       0x10 app/libapp.a(ext_interfaces.c.obj)
                0x0000000008003ca8                EXT_DAC_Wave
 .text.EXT_DAC_Stop
                0x0000000008003cb8       0x10 app/libapp.a(ext_interfaces.c.obj)
                0x0000000008003cb8                EXT_DAC_Stop
 .text.EXT_AD9837_Set
                0x0000000008003cc8       0x10 app/libapp.a(ext_interfaces.c.obj)
                0x0000000008003cc8                EXT_AD9837_Set
 .text.EXT_AD9837_Stop
                0x0000000008003cd8       0x10 app/libapp.a(ext_interfaces.c.obj)
                0x0000000008003cd8                EXT_AD9837_Stop
 .text.EXT_DAC081_Set
                0x0000000008003ce8       0x78 app/libapp.a(ext_interfaces.c.obj)
                0x0000000008003ce8                EXT_DAC081_Set
 .text.EXT_I2C_Scanner
                0x0000000008003d60       0xa0 app/libapp.a(ext_interfaces.c.obj)
                0x0000000008003d60                EXT_I2C_Scanner
 .text.gpio_pin_configure_dt.constprop.0.isra.0
                0x0000000008003e00       0x20 app/libapp.a(fpga.c.obj)
 .text.FPGA_PowerDown
                0x0000000008003e20       0x18 app/libapp.a(fpga.c.obj)
                0x0000000008003e20                FPGA_PowerDown
 .text.FPGA_RequestPowerUp
                0x0000000008003e38       0x10 app/libapp.a(fpga.c.obj)
                0x0000000008003e38                FPGA_RequestPowerUp
 .text.FPGA_EnqueueSpiPacket
                0x0000000008003e48       0x20 app/libapp.a(fpga.c.obj)
                0x0000000008003e48                FPGA_EnqueueSpiPacket
 .text.Joystick_Init
                0x0000000008003e68       0x80 app/libapp.a(joystick.c.obj)
                0x0000000008003e68                Joystick_Init
 .text.Joystick_SetMap
                0x0000000008003ee8       0x10 app/libapp.a(joystick.c.obj)
                0x0000000008003ee8                Joystick_SetMap
 .text.Joystick_GetMap
                0x0000000008003ef8       0x24 app/libapp.a(joystick.c.obj)
                0x0000000008003ef8                Joystick_GetMap
 .text.Joystick_Process
                0x0000000008003f1c      0x124 app/libapp.a(joystick.c.obj)
                0x0000000008003f1c                Joystick_Process
 .text.gpio_pin_configure_dt.constprop.0.isra.0
                0x0000000008004040       0x4c app/libapp.a(led_manager.c.obj)
 .text.LED_Init
                0x000000000800408c       0x50 app/libapp.a(led_manager.c.obj)
                0x000000000800408c                LED_Init
 .text.LED_SetLimits
                0x00000000080040dc       0x24 app/libapp.a(led_manager.c.obj)
                0x00000000080040dc                LED_SetLimits
 .text.LED_SetMute
                0x0000000008004100       0x34 app/libapp.a(led_manager.c.obj)
                0x0000000008004100                LED_SetMute
 .text.LED_SetOverride
                0x0000000008004134        0xc app/libapp.a(led_manager.c.obj)
                0x0000000008004134                LED_SetOverride
 .text.LED_PWM_Tick
                0x0000000008004140       0xc0 app/libapp.a(led_manager.c.obj)
                0x0000000008004140                LED_PWM_Tick
 .text.LED_GetStatus
                0x0000000008004200       0x2c app/libapp.a(led_manager.c.obj)
                0x0000000008004200                LED_GetStatus
 .text.PowerMonitor_Init
                0x000000000800422c       0x8c app/libapp.a(powerMonitor.c.obj)
                0x000000000800422c                PowerMonitor_Init
 .text.PowerMonitor_Read
                0x00000000080042b8       0xac app/libapp.a(powerMonitor.c.obj)
                0x00000000080042b8                PowerMonitor_Read
 .text.SysPower_EnterSleep
                0x0000000008004364       0x70 app/libapp.a(sys_power.c.obj)
                0x0000000008004364                SysPower_EnterSleep
 .text.SysPower_Wake
                0x00000000080043d4       0x78 app/libapp.a(sys_power.c.obj)
                0x00000000080043d4                SysPower_Wake
 .text.char_out
                0x000000000800444c       0x10 zephyr/libzephyr.a(printk.c.obj)
 .text.vprintk  0x000000000800445c       0x30 zephyr/libzephyr.a(printk.c.obj)
                0x000000000800445c                vprintk
 .text.z_thread_entry
                0x000000000800448c       0x30 zephyr/libzephyr.a(thread_entry.c.obj)
                0x000000000800448c                z_thread_entry
 .text.sys_reboot
                0x00000000080044bc       0x24 zephyr/libzephyr.a(reboot.c.obj)
                0x00000000080044bc                sys_reboot
 .text.stm32g0_init
                0x00000000080044e0       0x3c zephyr/libzephyr.a(soc.c.obj)
 .text.st_stm32_common_config
                0x000000000800451c       0x14 zephyr/libzephyr.a(soc_config.c.obj)
 .text.thread_print_cb
                0x0000000008004530       0x44 zephyr/libzephyr.a(thread_analyzer.c.obj)
 .text.thread_analyze_cb
                0x0000000008004574       0x90 zephyr/libzephyr.a(thread_analyzer.c.obj)
 .text.thread_analyzer_run
                0x0000000008004604       0x4c zephyr/libzephyr.a(thread_analyzer.c.obj)
                0x0000000008004604                thread_analyzer_run
 .text.thread_analyzer_print
                0x0000000008004650       0x18 zephyr/libzephyr.a(thread_analyzer.c.obj)
                0x0000000008004650                thread_analyzer_print
 .text.mem_attr_get_regions
                0x0000000008004668        0xc zephyr/libzephyr.a(mem_attr.c.obj)
                0x0000000008004668                mem_attr_get_regions
 .text.flash_area_open
                0x0000000008004674       0x50 zephyr/libzephyr.a(flash_map.c.obj)
                0x0000000008004674                flash_area_open
 .text.stream_flash_init
                0x00000000080046c4       0x8c zephyr/libzephyr.a(stream_flash.c.obj)
                0x00000000080046c4                stream_flash_init
 .text.class_handler
                0x0000000008004750       0x48 zephyr/libzephyr.a(usb_device.c.obj)
 .text.custom_handler
                0x0000000008004798       0x5c zephyr/libzephyr.a(usb_device.c.obj)
 .text.vendor_handler
                0x00000000080047f4       0x38 zephyr/libzephyr.a(usb_device.c.obj)
 .text.disable_endpoint
                0x000000000800482c       0x28 zephyr/libzephyr.a(usb_device.c.obj)
 .text.usb_reset_alt_setting
                0x0000000008004854       0x14 zephyr/libzephyr.a(usb_device.c.obj)
 .text.is_ep_valid.part.0
                0x0000000008004868       0x34 zephyr/libzephyr.a(usb_device.c.obj)
 .text.usb_handle_request.constprop.0
                0x000000000800489c       0x30 zephyr/libzephyr.a(usb_device.c.obj)
 .text.forward_status_cb
                0x00000000080048cc       0xa8 zephyr/libzephyr.a(usb_device.c.obj)
 .text.usb_halt_endpoint_req.isra.0
                0x0000000008004974       0x58 zephyr/libzephyr.a(usb_device.c.obj)
 .text.set_endpoint
                0x00000000080049cc       0x8c zephyr/libzephyr.a(usb_device.c.obj)
 .text.usb_handle_standard_request
                0x0000000008004a58      0x2f0 zephyr/libzephyr.a(usb_device.c.obj)
 .text.usb_data_to_host
                0x0000000008004d48       0x5c zephyr/libzephyr.a(usb_device.c.obj)
 .text.usb_handle_control_transfer
                0x0000000008004da4       0xdc zephyr/libzephyr.a(usb_device.c.obj)
 .text.usb_set_config
                0x0000000008004e80       0x2c zephyr/libzephyr.a(usb_device.c.obj)
                0x0000000008004e80                usb_set_config
 .text.usb_device_init
                0x0000000008004eac       0x28 zephyr/libzephyr.a(usb_device.c.obj)
 .text.usb_enable
                0x0000000008004ed4      0x120 zephyr/libzephyr.a(usb_device.c.obj)
                0x0000000008004ed4                usb_enable
 .text.usb_update_sn_string_descriptor
                0x0000000008004ff4       0x74 zephyr/libzephyr.a(usb_descriptor.c.obj)
                0x0000000008004ff4                usb_update_sn_string_descriptor
 .text.usb_get_device_descriptor
                0x0000000008005068      0x1d4 zephyr/libzephyr.a(usb_descriptor.c.obj)
                0x0000000008005068                usb_get_device_descriptor
 .text.usb_ep_get_transfer
                0x000000000800523c       0x2c zephyr/libzephyr.a(usb_transfer.c.obj)
 .text.usb_transfer_work
                0x0000000008005268       0xdc zephyr/libzephyr.a(usb_transfer.c.obj)
 .text.usb_transfer_ep_callback
                0x0000000008005344       0x54 zephyr/libzephyr.a(usb_transfer.c.obj)
                0x0000000008005344                usb_transfer_ep_callback
 .text.usb_transfer
                0x0000000008005398       0xe4 zephyr/libzephyr.a(usb_transfer.c.obj)
                0x0000000008005398                usb_transfer
 .text.usb_cancel_transfer
                0x000000000800547c       0x34 zephyr/libzephyr.a(usb_transfer.c.obj)
                0x000000000800547c                usb_cancel_transfer
 .text.usb_cancel_transfers
                0x00000000080054b0       0x40 zephyr/libzephyr.a(usb_transfer.c.obj)
                0x00000000080054b0                usb_cancel_transfers
 .text.usb_transfer_init
                0x00000000080054f0       0x30 zephyr/libzephyr.a(usb_transfer.c.obj)
                0x00000000080054f0                usb_transfer_init
 .text.cdc_acm_class_handle_req
                0x0000000008005520       0x58 zephyr/libzephyr.a(cdc_acm.c.obj)
                0x0000000008005520                cdc_acm_class_handle_req
 .text.cdc_acm_int_in
                0x0000000008005578       0x1c zephyr/libzephyr.a(cdc_acm.c.obj)
 .text.cdc_acm_irq_rx_enable
                0x0000000008005594       0x2c zephyr/libzephyr.a(cdc_acm.c.obj)
 .text.cdc_acm_irq_tx_enable
                0x00000000080055c0       0x2c zephyr/libzephyr.a(cdc_acm.c.obj)
 .text.cdc_acm_write_cb
                0x00000000080055ec       0x5c zephyr/libzephyr.a(cdc_acm.c.obj)
 .text.cdc_acm_fifo_fill
                0x0000000008005648       0x40 zephyr/libzephyr.a(cdc_acm.c.obj)
 .text.cdc_acm_reset_port
                0x0000000008005688       0x38 zephyr/libzephyr.a(cdc_acm.c.obj)
 .text.tx_work_handler
                0x00000000080056c0       0x6c zephyr/libzephyr.a(cdc_acm.c.obj)
 .text.cdc_acm_init
                0x000000000800572c       0x48 zephyr/libzephyr.a(cdc_acm.c.obj)
 .text.cdc_acm_send_notification.isra.0
                0x0000000008005774       0x48 zephyr/libzephyr.a(cdc_acm.c.obj)
 .text.cdc_acm_poll_out
                0x00000000080057bc       0x54 zephyr/libzephyr.a(cdc_acm.c.obj)
 .text.cdc_acm_read_cb
                0x0000000008005810       0x7c zephyr/libzephyr.a(cdc_acm.c.obj)
 .text.cdc_acm_dev_status_cb
                0x000000000800588c       0x80 zephyr/libzephyr.a(cdc_acm.c.obj)
 .text.z_usb_work_q_init
                0x000000000800590c       0x30 zephyr/libzephyr.a(usb_work_q.c.obj)
 .text.disk_access_get_di
                0x000000000800593c       0x64 zephyr/libzephyr.a(disk_access.c.obj)
                0x000000000800593c                disk_access_get_di
 .text.disk_access_register
                0x00000000080059a0       0x4c zephyr/libzephyr.a(disk_access.c.obj)
                0x00000000080059a0                disk_access_register
 .text.flash_img_buffered_write
                0x00000000080059ec       0x2c zephyr/libzephyr.a(flash_img.c.obj)
                0x00000000080059ec                flash_img_buffered_write
 .text.flash_img_init_id
                0x0000000008005a18       0x44 zephyr/libzephyr.a(flash_img.c.obj)
                0x0000000008005a18                flash_img_init_id
 .text.z_SysNmiOnReset
                0x0000000008005a5c        0x4 zephyr/arch/arch/arm/core/libarch__arm__core.a(nmi_on_reset.S.obj)
                0x0000000008005a5c                z_SysNmiOnReset
 .text.arch_tls_stack_setup
                0x0000000008005a60       0x64 zephyr/arch/arch/arm/core/libarch__arm__core.a(tls.c.obj)
                0x0000000008005a60                arch_tls_stack_setup
 .text._HandlerModeExit
                0x0000000008005ac4       0x28 zephyr/arch/arch/arm/core/cortex_m/libarch__arm__core__cortex_m.a(exc_exit.S.obj)
                0x0000000008005ac4                z_arm_int_exit
                0x0000000008005ac4                z_arm_exc_exit
 .text.z_arm_fault
                0x0000000008005aec       0xa8 zephyr/arch/arch/arm/core/cortex_m/libarch__arm__core__cortex_m.a(fault.c.obj)
                0x0000000008005aec                z_arm_fault
 .text.__fault  0x0000000008005b94       0x14 zephyr/arch/arch/arm/core/cortex_m/libarch__arm__core__cortex_m.a(fault_s.S.obj)
                0x0000000008005b94                z_arm_hard_fault
                0x0000000008005b94                z_arm_exc_spurious
 .text._reset_section
                0x0000000008005ba8       0x40 zephyr/arch/arch/arm/core/cortex_m/libarch__arm__core__cortex_m.a(reset.S.obj)
                0x0000000008005ba8                __start
                0x0000000008005ba8                z_arm_reset
 .text.sys_arch_reboot
                0x0000000008005be8       0x1c zephyr/arch/arch/arm/core/cortex_m/libarch__arm__core__cortex_m.a(scb.c.obj)
                0x0000000008005be8                sys_arch_reboot
 .text.z_impl_k_thread_abort
                0x0000000008005c04       0x38 zephyr/arch/arch/arm/core/cortex_m/libarch__arm__core__cortex_m.a(thread_abort.c.obj)
                0x0000000008005c04                z_impl_k_thread_abort
 .text.arch_swap
                0x0000000008005c3c       0x34 zephyr/arch/arch/arm/core/cortex_m/libarch__arm__core__cortex_m.a(swap.c.obj)
                0x0000000008005c3c                arch_swap
 .text.z_arm_pendsv
                0x0000000008005c70       0x8c zephyr/arch/arch/arm/core/cortex_m/libarch__arm__core__cortex_m.a(swap_helper.S.obj)
                0x0000000008005c70                z_arm_pendsv
 .text.z_arm_svc
                0x0000000008005cfc       0x24 zephyr/arch/arch/arm/core/cortex_m/libarch__arm__core__cortex_m.a(swap_helper.S.obj)
                0x0000000008005cfc                z_arm_svc
 .text.arch_irq_enable
                0x0000000008005d20       0x18 zephyr/arch/arch/arm/core/cortex_m/libarch__arm__core__cortex_m.a(irq_manage.c.obj)
                0x0000000008005d20                arch_irq_enable
 .text.arch_irq_disable
                0x0000000008005d38       0x20 zephyr/arch/arch/arm/core/cortex_m/libarch__arm__core__cortex_m.a(irq_manage.c.obj)
                0x0000000008005d38                arch_irq_disable
 .text.z_arm_irq_priority_set
                0x0000000008005d58       0x54 zephyr/arch/arch/arm/core/cortex_m/libarch__arm__core__cortex_m.a(irq_manage.c.obj)
                0x0000000008005d58                z_arm_irq_priority_set
 .text.z_prep_c
                0x0000000008005dac       0x2c zephyr/arch/arch/arm/core/cortex_m/libarch__arm__core__cortex_m.a(prep_c.c.obj)
                0x0000000008005dac                z_prep_c
 .text.arch_new_thread
                0x0000000008005dd8       0x30 zephyr/arch/arch/arm/core/cortex_m/libarch__arm__core__cortex_m.a(thread.c.obj)
                0x0000000008005dd8                arch_new_thread
 .text.arch_switch_to_main_thread
                0x0000000008005e08       0x34 zephyr/arch/arch/arm/core/cortex_m/libarch__arm__core__cortex_m.a(thread.c.obj)
                0x0000000008005e08                arch_switch_to_main_thread
 .text.z_arm_cpu_idle_init
                0x0000000008005e3c        0xc zephyr/arch/arch/arm/core/cortex_m/libarch__arm__core__cortex_m.a(cpu_idle.S.obj)
                0x0000000008005e3c                z_arm_cpu_idle_init
 .text.arch_cpu_idle
                0x0000000008005e48       0x10 zephyr/arch/arch/arm/core/cortex_m/libarch__arm__core__cortex_m.a(cpu_idle.S.obj)
                0x0000000008005e48                arch_cpu_idle
 .text.z_arm_interrupt_init
                0x0000000008005e58       0x30 zephyr/arch/arch/arm/core/cortex_m/libarch__arm__core__cortex_m.a(irq_init.c.obj)
                0x0000000008005e58                z_arm_interrupt_init
 .text._isr_wrapper
                0x0000000008005e88       0x28 zephyr/arch/arch/arm/core/cortex_m/libarch__arm__core__cortex_m.a(isr_wrapper.S.obj)
                0x0000000008005e88                _isr_wrapper
 .text.z_arm_configure_static_mpu_regions
                0x0000000008005eb0       0x1c zephyr/arch/arch/arm/core/mpu/libarch__arm__core__mpu.a(arm_core_mpu.c.obj)
                0x0000000008005eb0                z_arm_configure_static_mpu_regions
 .text.region_init
                0x0000000008005ecc       0x24 zephyr/arch/arch/arm/core/mpu/libarch__arm__core__mpu.a(arm_mpu.c.obj)
 .text.mpu_configure_regions
                0x0000000008005ef0       0x74 zephyr/arch/arch/arm/core/mpu/libarch__arm__core__mpu.a(arm_mpu.c.obj)
 .text.arm_core_mpu_enable
                0x0000000008005f64       0x14 zephyr/arch/arch/arm/core/mpu/libarch__arm__core__mpu.a(arm_mpu.c.obj)
                0x0000000008005f64                arm_core_mpu_enable
 .text.arm_core_mpu_disable
                0x0000000008005f78       0x10 zephyr/arch/arch/arm/core/mpu/libarch__arm__core__mpu.a(arm_mpu.c.obj)
                0x0000000008005f78                arm_core_mpu_disable
 .text.arm_core_mpu_configure_static_mpu_regions
                0x0000000008005f88       0x14 zephyr/arch/arch/arm/core/mpu/libarch__arm__core__mpu.a(arm_mpu.c.obj)
                0x0000000008005f88                arm_core_mpu_configure_static_mpu_regions
 .text.z_arm_mpu_init
                0x0000000008005f9c      0x150 zephyr/arch/arch/arm/core/mpu/libarch__arm__core__mpu.a(arm_mpu.c.obj)
                0x0000000008005f9c                z_arm_mpu_init
 .text.malloc_prepare
                0x00000000080060ec       0x24 zephyr/lib/libc/common/liblib__libc__common.a(malloc.c.obj)
 .text.registry_find
                0x0000000008006110       0x2c zephyr/subsys/fs/libsubsys__fs.a(fs.c.obj)
 .text.k_mutex_lock.constprop.0.isra.0
                0x000000000800613c       0x14 zephyr/subsys/fs/libsubsys__fs.a(fs.c.obj)
 .text.k_mutex_unlock.constprop.0.isra.0
                0x0000000008006150       0x10 zephyr/subsys/fs/libsubsys__fs.a(fs.c.obj)
 .text.fs_get_mnt_point
                0x0000000008006160       0x94 zephyr/subsys/fs/libsubsys__fs.a(fs.c.obj)
 .text.fs_mount
                0x00000000080061f4       0xb8 zephyr/subsys/fs/libsubsys__fs.a(fs.c.obj)
                0x00000000080061f4                fs_mount
 .text.fs_register
                0x00000000080062ac       0x50 zephyr/subsys/fs/libsubsys__fs.a(fs.c.obj)
                0x00000000080062ac                fs_register
 .text.translate_error
                0x00000000080062fc       0x14 zephyr/subsys/fs/libsubsys__fs.a(fat_fs.c.obj)
 .text.fatfs_init
                0x0000000008006310       0x10 zephyr/subsys/fs/libsubsys__fs.a(fat_fs.c.obj)
 .text.fatfs_mount
                0x0000000008006320       0x7c zephyr/subsys/fs/libsubsys__fs.a(fat_fs.c.obj)
 .text.fatfs_closedir
                0x000000000800639c       0x20 zephyr/subsys/fs/libsubsys__fs.a(fat_fs.c.obj)
 .text.fatfs_opendir
                0x00000000080063bc       0x54 zephyr/subsys/fs/libsubsys__fs.a(fat_fs.c.obj)
 .text.fatfs_close
                0x0000000008006410       0x24 zephyr/subsys/fs/libsubsys__fs.a(fat_fs.c.obj)
 .text.fatfs_open
                0x0000000008006434       0x60 zephyr/subsys/fs/libsubsys__fs.a(fat_fs.c.obj)
 .text.sd_init_io
                0x0000000008006494       0x74 zephyr/subsys/sd/libsubsys__sd.a(sd.c.obj)
 .text.sd_init  0x0000000008006508       0xa0 zephyr/subsys/sd/libsubsys__sd.a(sd.c.obj)
                0x0000000008006508                sd_init
 .text.sdmmc_wait_ready
                0x00000000080065a8       0x4c zephyr/subsys/sd/libsubsys__sd.a(sd_ops.c.obj)
                0x00000000080065a8                sdmmc_wait_ready
 .text.sdmmc_read_csd
                0x00000000080065f4       0x78 zephyr/subsys/sd/libsubsys__sd.a(sd_ops.c.obj)
                0x00000000080065f4                sdmmc_read_csd
 .text.card_app_command
                0x000000000800666c       0x58 zephyr/subsys/sd/libsubsys__sd.a(sd_ops.c.obj)
                0x000000000800666c                card_app_command
 .text.card_read_blocks
                0x00000000080066c4       0xb0 zephyr/subsys/sd/libsubsys__sd.a(sd_ops.c.obj)
                0x00000000080066c4                card_read_blocks
 .text.card_write_blocks
                0x0000000008006774      0x118 zephyr/subsys/sd/libsubsys__sd.a(sd_ops.c.obj)
                0x0000000008006774                card_write_blocks
 .text.sdmmc_card_init
                0x000000000800688c      0x328 zephyr/subsys/sd/libsubsys__sd.a(sdmmc.c.obj)
                0x000000000800688c                sdmmc_card_init
 .text.disk_sdmmc_init
                0x0000000008006bb4       0x24 zephyr/drivers/disk/libdrivers__disk.a(sdmmc_subsys.c.obj)
 .text.stm32_exti_isr
                0x0000000008006bd8       0x50 zephyr/drivers/interrupt_controller/libdrivers__interrupt_controller.a(intc_exti_stm32.c.obj)
 .text.stm32_exti_init
                0x0000000008006c28       0x40 zephyr/drivers/interrupt_controller/libdrivers__interrupt_controller.a(intc_exti_stm32.c.obj)
 .text.stm32_exti_enable
                0x0000000008006c68       0x24 zephyr/drivers/interrupt_controller/libdrivers__interrupt_controller.a(intc_exti_stm32.c.obj)
                0x0000000008006c68                stm32_exti_enable
 .text.stm32_exti_disable
                0x0000000008006c8c       0x18 zephyr/drivers/interrupt_controller/libdrivers__interrupt_controller.a(intc_exti_stm32.c.obj)
                0x0000000008006c8c                stm32_exti_disable
 .text.stm32_exti_trigger
                0x0000000008006ca4       0x54 zephyr/drivers/interrupt_controller/libdrivers__interrupt_controller.a(intc_exti_stm32.c.obj)
                0x0000000008006ca4                stm32_exti_trigger
 .text.stm32_exti_set_callback
                0x0000000008006cf8       0x2c zephyr/drivers/interrupt_controller/libdrivers__interrupt_controller.a(intc_exti_stm32.c.obj)
                0x0000000008006cf8                stm32_exti_set_callback
 .text.stm32_exti_unset_callback
                0x0000000008006d24       0x14 zephyr/drivers/interrupt_controller/libdrivers__interrupt_controller.a(intc_exti_stm32.c.obj)
                0x0000000008006d24                stm32_exti_unset_callback
 .text.usb_dc_stm32_get_ep_state
                0x0000000008006d38       0x2c zephyr/drivers/usb/device/libdrivers__usb__device.a(usb_dc_stm32.c.obj)
 .text.usb_dc_stm32_isr
                0x0000000008006d64       0x10 zephyr/drivers/usb/device/libdrivers__usb__device.a(usb_dc_stm32.c.obj)
 .text.usb_dc_attach
                0x0000000008006d74      0x160 zephyr/drivers/usb/device/libdrivers__usb__device.a(usb_dc_stm32.c.obj)
                0x0000000008006d74                usb_dc_attach
 .text.usb_dc_set_status_callback
                0x0000000008006ed4       0x10 zephyr/drivers/usb/device/libdrivers__usb__device.a(usb_dc_stm32.c.obj)
                0x0000000008006ed4                usb_dc_set_status_callback
 .text.usb_dc_set_address
                0x0000000008006ee4       0x1c zephyr/drivers/usb/device/libdrivers__usb__device.a(usb_dc_stm32.c.obj)
                0x0000000008006ee4                usb_dc_set_address
 .text.usb_dc_ep_start_read
                0x0000000008006f00       0x48 zephyr/drivers/usb/device/libdrivers__usb__device.a(usb_dc_stm32.c.obj)
                0x0000000008006f00                usb_dc_ep_start_read
 .text.usb_dc_ep_get_read_count
                0x0000000008006f48       0x28 zephyr/drivers/usb/device/libdrivers__usb__device.a(usb_dc_stm32.c.obj)
                0x0000000008006f48                usb_dc_ep_get_read_count
 .text.usb_dc_ep_configure
                0x0000000008006f70       0x94 zephyr/drivers/usb/device/libdrivers__usb__device.a(usb_dc_stm32.c.obj)
                0x0000000008006f70                usb_dc_ep_configure
 .text.usb_dc_ep_set_stall
                0x0000000008007004       0x2c zephyr/drivers/usb/device/libdrivers__usb__device.a(usb_dc_stm32.c.obj)
                0x0000000008007004                usb_dc_ep_set_stall
 .text.usb_dc_ep_clear_stall
                0x0000000008007030       0x2c zephyr/drivers/usb/device/libdrivers__usb__device.a(usb_dc_stm32.c.obj)
                0x0000000008007030                usb_dc_ep_clear_stall
 .text.usb_dc_ep_enable
                0x000000000800705c       0x48 zephyr/drivers/usb/device/libdrivers__usb__device.a(usb_dc_stm32.c.obj)
                0x000000000800705c                usb_dc_ep_enable
 .text.usb_dc_ep_disable
                0x00000000080070a4       0x28 zephyr/drivers/usb/device/libdrivers__usb__device.a(usb_dc_stm32.c.obj)
                0x00000000080070a4                usb_dc_ep_disable
 .text.usb_dc_ep_write
                0x00000000080070cc       0xa0 zephyr/drivers/usb/device/libdrivers__usb__device.a(usb_dc_stm32.c.obj)
                0x00000000080070cc                usb_dc_ep_write
 .text.usb_dc_ep_read_wait
                0x000000000800716c       0x64 zephyr/drivers/usb/device/libdrivers__usb__device.a(usb_dc_stm32.c.obj)
                0x000000000800716c                usb_dc_ep_read_wait
 .text.usb_dc_ep_read_continue
                0x00000000080071d0       0x38 zephyr/drivers/usb/device/libdrivers__usb__device.a(usb_dc_stm32.c.obj)
                0x00000000080071d0                usb_dc_ep_read_continue
 .text.HAL_PCD_ResetCallback
                0x0000000008007208       0x4c zephyr/drivers/usb/device/libdrivers__usb__device.a(usb_dc_stm32.c.obj)
                0x0000000008007208                HAL_PCD_ResetCallback
 .text.HAL_PCD_SuspendCallback
                0x0000000008007254       0x1c zephyr/drivers/usb/device/libdrivers__usb__device.a(usb_dc_stm32.c.obj)
                0x0000000008007254                HAL_PCD_SuspendCallback
 .text.HAL_PCD_ResumeCallback
                0x0000000008007270       0x1c zephyr/drivers/usb/device/libdrivers__usb__device.a(usb_dc_stm32.c.obj)
                0x0000000008007270                HAL_PCD_ResumeCallback
 .text.HAL_PCD_SetupStageCallback
                0x000000000800728c       0x58 zephyr/drivers/usb/device/libdrivers__usb__device.a(usb_dc_stm32.c.obj)
                0x000000000800728c                HAL_PCD_SetupStageCallback
 .text.adc_context_start_sampling
                0x00000000080072e4       0x28 zephyr/drivers/adc/libdrivers__adc.a(adc_stm32.c.obj)
 .text.adc_stm32_channel_setup
                0x000000000800730c       0xd0 zephyr/drivers/adc/libdrivers__adc.a(adc_stm32.c.obj)
 .text.adc_stm32_isr_12
                0x00000000080073dc       0xd0 zephyr/drivers/adc/libdrivers__adc.a(adc_stm32.c.obj)
 .text.adc_stm32_enable.isra.0
                0x00000000080074ac       0x34 zephyr/drivers/adc/libdrivers__adc.a(adc_stm32.c.obj)
 .text.adc_stm32_disable
                0x00000000080074e0       0x3c zephyr/drivers/adc/libdrivers__adc.a(adc_stm32.c.obj)
 .text.adc_stm32_calibrate.isra.0
                0x000000000800751c       0x48 zephyr/drivers/adc/libdrivers__adc.a(adc_stm32.c.obj)
 .text.adc_stm32_init
                0x0000000008007564       0xf4 zephyr/drivers/adc/libdrivers__adc.a(adc_stm32.c.obj)
 .text.adc_stm32_read
                0x0000000008007658      0x264 zephyr/drivers/adc/libdrivers__adc.a(adc_stm32.c.obj)
 .text.LL_RCC_HSI_IsReady
                0x00000000080078bc       0x10 zephyr/drivers/clock_control/libdrivers__clock_control.a(clock_stm32_ll_common.c.obj)
 .text.stm32_clock_control_on
                0x00000000080078cc       0x24 zephyr/drivers/clock_control/libdrivers__clock_control.a(clock_stm32_ll_common.c.obj)
 .text.stm32_clock_control_off
                0x00000000080078f0       0x24 zephyr/drivers/clock_control/libdrivers__clock_control.a(clock_stm32_ll_common.c.obj)
 .text.stm32_clock_control_configure
                0x0000000008007914       0x60 zephyr/drivers/clock_control/libdrivers__clock_control.a(clock_stm32_ll_common.c.obj)
 .text.stm32_clock_control_get_subsys_rate
                0x0000000008007974       0x74 zephyr/drivers/clock_control/libdrivers__clock_control.a(clock_stm32_ll_common.c.obj)
 .text.stm32_clock_control_init
                0x00000000080079e8      0x160 zephyr/drivers/clock_control/libdrivers__clock_control.a(clock_stm32_ll_common.c.obj)
                0x00000000080079e8                stm32_clock_control_init
 .text.stm32_clock_control_get_status
                0x0000000008007b48       0x38 zephyr/drivers/clock_control/libdrivers__clock_control.a(clock_stm32_ll_common.c.obj)
 .text.get_pllsrc_frequency
                0x0000000008007b80        0x8 zephyr/drivers/clock_control/libdrivers__clock_control.a(clock_stm32g0.c.obj)
                0x0000000008007b80                get_pllsrc_frequency
 .text.config_pll_sysclock
                0x0000000008007b88       0x28 zephyr/drivers/clock_control/libdrivers__clock_control.a(clock_stm32g0.c.obj)
                0x0000000008007b88                config_pll_sysclock
 .text.config_enable_default_clocks
                0x0000000008007bb0       0x48 zephyr/drivers/clock_control/libdrivers__clock_control.a(clock_stm32g0.c.obj)
                0x0000000008007bb0                config_enable_default_clocks
 .text.dma_stm32_get_status
                0x0000000008007bf8       0x3c zephyr/drivers/dma/libdrivers__dma.a(dma_stm32.c.obj)
                0x0000000008007bf8                dma_stm32_get_status
 .text.dma_stm32_init
                0x0000000008007c34       0x64 zephyr/drivers/dma/libdrivers__dma.a(dma_stm32.c.obj)
 .text.dma_stm32_disable_stream
                0x0000000008007c98       0x30 zephyr/drivers/dma/libdrivers__dma.a(dma_stm32.c.obj)
 .text.dma_stm32_stop
                0x0000000008007cc8       0x50 zephyr/drivers/dma/libdrivers__dma.a(dma_stm32.c.obj)
                0x0000000008007cc8                dma_stm32_stop
 .text.dma_stm32_configure
                0x0000000008007d18      0x208 zephyr/drivers/dma/libdrivers__dma.a(dma_stm32.c.obj)
                0x0000000008007d18                dma_stm32_configure
 .text.dma_stm32_shared_irq_handler
                0x0000000008007f20       0x4c zephyr/drivers/dma/libdrivers__dma.a(dma_stm32.c.obj)
 .text.dma_stm32_reload
                0x0000000008007f6c       0xd0 zephyr/drivers/dma/libdrivers__dma.a(dma_stm32.c.obj)
                0x0000000008007f6c                dma_stm32_reload
 .text.dma_stm32_id_to_stream
                0x000000000800803c        0xc zephyr/drivers/dma/libdrivers__dma.a(dma_stm32_v2.c.obj)
                0x000000000800803c                dma_stm32_id_to_stream
 .text.dma_stm32_clear_ht
                0x0000000008008048       0x10 zephyr/drivers/dma/libdrivers__dma.a(dma_stm32_v2.c.obj)
                0x0000000008008048                dma_stm32_clear_ht
 .text.dma_stm32_clear_tc
                0x0000000008008058       0x10 zephyr/drivers/dma/libdrivers__dma.a(dma_stm32_v2.c.obj)
                0x0000000008008058                dma_stm32_clear_tc
 .text.dma_stm32_is_ht_active
                0x0000000008008068       0x18 zephyr/drivers/dma/libdrivers__dma.a(dma_stm32_v2.c.obj)
                0x0000000008008068                dma_stm32_is_ht_active
 .text.dma_stm32_is_tc_active
                0x0000000008008080       0x18 zephyr/drivers/dma/libdrivers__dma.a(dma_stm32_v2.c.obj)
                0x0000000008008080                dma_stm32_is_tc_active
 .text.dma_stm32_clear_te
                0x0000000008008098       0x10 zephyr/drivers/dma/libdrivers__dma.a(dma_stm32_v2.c.obj)
                0x0000000008008098                dma_stm32_clear_te
 .text.dma_stm32_is_te_active
                0x00000000080080a8       0x18 zephyr/drivers/dma/libdrivers__dma.a(dma_stm32_v2.c.obj)
                0x00000000080080a8                dma_stm32_is_te_active
 .text.stm32_dma_is_tc_irq_active
                0x00000000080080c0       0x2c zephyr/drivers/dma/libdrivers__dma.a(dma_stm32_v2.c.obj)
                0x00000000080080c0                stm32_dma_is_tc_irq_active
 .text.stm32_dma_is_ht_irq_active
                0x00000000080080ec       0x2c zephyr/drivers/dma/libdrivers__dma.a(dma_stm32_v2.c.obj)
                0x00000000080080ec                stm32_dma_is_ht_irq_active
 .text.stm32_dma_is_irq_active
                0x0000000008008118       0x48 zephyr/drivers/dma/libdrivers__dma.a(dma_stm32_v2.c.obj)
                0x0000000008008118                stm32_dma_is_irq_active
 .text.stm32_dma_enable_stream
                0x0000000008008160       0x20 zephyr/drivers/dma/libdrivers__dma.a(dma_stm32_v2.c.obj)
                0x0000000008008160                stm32_dma_enable_stream
 .text.stm32_dma_is_enabled_stream
                0x0000000008008180       0x1c zephyr/drivers/dma/libdrivers__dma.a(dma_stm32_v2.c.obj)
                0x0000000008008180                stm32_dma_is_enabled_stream
 .text.stm32_dma_disable_stream
                0x000000000800819c       0x28 zephyr/drivers/dma/libdrivers__dma.a(dma_stm32_v2.c.obj)
                0x000000000800819c                stm32_dma_disable_stream
 .text.dmamux_stm32_start
                0x00000000080081c4       0x38 zephyr/drivers/dma/libdrivers__dma.a(dmamux_stm32.c.obj)
                0x00000000080081c4                dmamux_stm32_start
 .text.dmamux_stm32_stop
                0x00000000080081fc       0x38 zephyr/drivers/dma/libdrivers__dma.a(dmamux_stm32.c.obj)
                0x00000000080081fc                dmamux_stm32_stop
 .text.dmamux_stm32_reload
                0x0000000008008234       0x3c zephyr/drivers/dma/libdrivers__dma.a(dmamux_stm32.c.obj)
                0x0000000008008234                dmamux_stm32_reload
 .text.dmamux_stm32_get_status
                0x0000000008008270       0x38 zephyr/drivers/dma/libdrivers__dma.a(dmamux_stm32.c.obj)
                0x0000000008008270                dmamux_stm32_get_status
 .text.dmamux_stm32_configure
                0x00000000080082a8       0x58 zephyr/drivers/dma/libdrivers__dma.a(dmamux_stm32.c.obj)
                0x00000000080082a8                dmamux_stm32_configure
 .text.dmamux_stm32_init
                0x0000000008008300       0x38 zephyr/drivers/dma/libdrivers__dma.a(dmamux_stm32.c.obj)
 .text.flash_stm32_get_parameters
                0x0000000008008338        0x8 zephyr/drivers/flash/libdrivers__flash.a(flash_stm32.c.obj)
 .text.stm32_flash_init
                0x0000000008008340       0x48 zephyr/drivers/flash/libdrivers__flash.a(flash_stm32.c.obj)
 .text.flash_stm32_wait_flash_idle
                0x0000000008008388       0x60 zephyr/drivers/flash/libdrivers__flash.a(flash_stm32.c.obj)
                0x0000000008008388                flash_stm32_wait_flash_idle
 .text.flash_stm32_write_protection
                0x00000000080083e8       0x48 zephyr/drivers/flash/libdrivers__flash.a(flash_stm32.c.obj)
 .text.flash_stm32_block_erase_loop
                0x0000000008008430       0xe8 zephyr/drivers/flash/libdrivers__flash.a(flash_stm32g0x.c.obj)
                0x0000000008008430                flash_stm32_block_erase_loop
 .text.flash_stm32_page_layout
                0x0000000008008518       0x28 zephyr/drivers/flash/libdrivers__flash.a(flash_stm32g0x.c.obj)
                0x0000000008008518                flash_stm32_page_layout
 .text.gpio_stm32_init
                0x0000000008008540       0x34 zephyr/drivers/gpio/libdrivers__gpio.a(gpio_stm32.c.obj)
 .text.gpio_stm32_pin_interrupt_configure
                0x0000000008008574       0xd8 zephyr/drivers/gpio/libdrivers__gpio.a(gpio_stm32.c.obj)
 .text.z_impl_hwinfo_get_device_id
                0x000000000800864c       0x3c zephyr/drivers/hwinfo/libdrivers__hwinfo.a(hwinfo_stm32.c.obj)
                0x000000000800864c                z_impl_hwinfo_get_device_id
 .text.stm32_i2c_master_mode_end
                0x0000000008008688       0x38 zephyr/drivers/i2c/libdrivers__i2c.a(i2c_ll_stm32_v2.c.obj)
 .text.msg_init
                0x00000000080086c0       0xb0 zephyr/drivers/i2c/libdrivers__i2c.a(i2c_ll_stm32_v2.c.obj)
 .text.stm32_i2c_combined_isr
                0x0000000008008770       0xbc zephyr/drivers/i2c/libdrivers__i2c.a(i2c_ll_stm32_v2.c.obj)
                0x0000000008008770                stm32_i2c_combined_isr
 .text.stm32_i2c_configure_timing
                0x000000000800882c      0x150 zephyr/drivers/i2c/libdrivers__i2c.a(i2c_ll_stm32_v2.c.obj)
                0x000000000800882c                stm32_i2c_configure_timing
 .text.stm32_i2c_transaction
                0x000000000800897c      0x164 zephyr/drivers/i2c/libdrivers__i2c.a(i2c_ll_stm32_v2.c.obj)
                0x000000000800897c                stm32_i2c_transaction
 .text.i2c_stm32_set_smbus_mode
                0x0000000008008ae0       0x1c zephyr/drivers/i2c/libdrivers__i2c.a(i2c_ll_stm32.c.obj)
                0x0000000008008ae0                i2c_stm32_set_smbus_mode
 .text.i2c_stm32_runtime_configure
                0x0000000008008afc       0x7c zephyr/drivers/i2c/libdrivers__i2c.a(i2c_ll_stm32.c.obj)
                0x0000000008008afc                i2c_stm32_runtime_configure
 .text.i2c_stm32_init
                0x0000000008008b78       0xd4 zephyr/drivers/i2c/libdrivers__i2c.a(i2c_ll_stm32.c.obj)
 .text.pinctrl_configure_pins
                0x0000000008008c4c       0x8c zephyr/drivers/pinctrl/libdrivers__pinctrl.a(pinctrl_stm32.c.obj)
                0x0000000008008c4c                pinctrl_configure_pins
 .text.sdhc_spi_rx
                0x0000000008008cd8       0x2c zephyr/drivers/sdhc/libdrivers__sdhc.a(sdhc_spi.c.obj)
 .text.sdhc_spi_reset
                0x0000000008008d04       0x10 zephyr/drivers/sdhc/libdrivers__sdhc.a(sdhc_spi.c.obj)
 .text.sdhc_spi_get_host_props
                0x0000000008008d14       0x30 zephyr/drivers/sdhc/libdrivers__sdhc.a(sdhc_spi.c.obj)
 .text.sdhc_spi_set_io
                0x0000000008008d44       0xf0 zephyr/drivers/sdhc/libdrivers__sdhc.a(sdhc_spi.c.obj)
 .text.sdhc_skip.constprop.0
                0x0000000008008e34       0x38 zephyr/drivers/sdhc/libdrivers__sdhc.a(sdhc_spi.c.obj)
 .text.sdhc_spi_init
                0x0000000008008e6c       0x88 zephyr/drivers/sdhc/libdrivers__sdhc.a(sdhc_spi.c.obj)
 .text.sdhc_spi_send_cmd
                0x0000000008008ef4      0x1fc zephyr/drivers/sdhc/libdrivers__sdhc.a(sdhc_spi.c.obj)
 .text.sdhc_spi_request
                0x00000000080090f0      0x240 zephyr/drivers/sdhc/libdrivers__sdhc.a(sdhc_spi.c.obj)
 .text.uart_stm32_irq_err_enable
                0x0000000008009330       0x5c zephyr/drivers/serial/libdrivers__serial.a(uart_stm32.c.obj)
 .text.uart_stm32_irq_err_disable
                0x000000000800938c       0x60 zephyr/drivers/serial/libdrivers__serial.a(uart_stm32.c.obj)
 .text.uart_stm32_set_baudrate
                0x00000000080093ec       0x44 zephyr/drivers/serial/libdrivers__serial.a(uart_stm32.c.obj)
 .text.uart_stm32_parameters_set
                0x0000000008009430      0x15c zephyr/drivers/serial/libdrivers__serial.a(uart_stm32.c.obj)
 .text.uart_stm32_init
                0x000000000800958c      0x1c0 zephyr/drivers/serial/libdrivers__serial.a(uart_stm32.c.obj)
 .text.uart_stm32_configure
                0x000000000800974c      0x184 zephyr/drivers/serial/libdrivers__serial.a(uart_stm32.c.obj)
 .text.uart_stm32_config_get
                0x00000000080098d0       0xa4 zephyr/drivers/serial/libdrivers__serial.a(uart_stm32.c.obj)
 .text.uart_stm32_fifo_fill
                0x0000000008009974       0x64 zephyr/drivers/serial/libdrivers__serial.a(uart_stm32.c.obj)
 .text.uart_stm32_fifo_read
                0x00000000080099d8       0x54 zephyr/drivers/serial/libdrivers__serial.a(uart_stm32.c.obj)
 .text.spi_stm32_configure
                0x0000000008009a2c      0x194 zephyr/drivers/spi/libdrivers__spi.a(spi_ll_stm32.c.obj)
 .text.spi_stm32_transceive
                0x0000000008009bc0      0x5dc zephyr/drivers/spi/libdrivers__spi.a(spi_ll_stm32.c.obj)
 .text.spi_stm32_init
                0x000000000800a19c       0xf4 zephyr/drivers/spi/libdrivers__spi.a(spi_ll_stm32.c.obj)
 .text.elapsed  0x000000000800a290       0x54 zephyr/drivers/timer/libdrivers__timer.a(cortex_m_systick.c.obj)
 .text.sys_clock_driver_init
                0x000000000800a2e4       0x40 zephyr/drivers/timer/libdrivers__timer.a(cortex_m_systick.c.obj)
 .text.sys_clock_isr
                0x000000000800a324       0x58 zephyr/drivers/timer/libdrivers__timer.a(cortex_m_systick.c.obj)
                0x000000000800a324                sys_clock_isr
 .text.sys_clock_set_timeout
                0x000000000800a37c      0x114 zephyr/drivers/timer/libdrivers__timer.a(cortex_m_systick.c.obj)
                0x000000000800a37c                sys_clock_set_timeout
 .text.sys_clock_elapsed
                0x000000000800a490       0x34 zephyr/drivers/timer/libdrivers__timer.a(cortex_m_systick.c.obj)
                0x000000000800a490                sys_clock_elapsed
 .text.sys_clock_cycle_get_32
                0x000000000800a4c4       0x24 zephyr/drivers/timer/libdrivers__timer.a(cortex_m_systick.c.obj)
                0x000000000800a4c4                sys_clock_cycle_get_32
 .text.sys_clock_disable
                0x000000000800a4e8       0x10 zephyr/drivers/timer/libdrivers__timer.a(cortex_m_systick.c.obj)
                0x000000000800a4e8                sys_clock_disable
 .text.get_ldnumber
                0x000000000800a4f8       0xa0 modules/fatfs/libmodules__fatfs.a(ff.c.obj)
 .text.check_fs
                0x000000000800a598      0x140 modules/fatfs/libmodules__fatfs.a(ff.c.obj)
 .text.get_fat  0x000000000800a6d8      0x14c modules/fatfs/libmodules__fatfs.a(ff.c.obj)
 .text.dir_sdi  0x000000000800a824       0xa4 modules/fatfs/libmodules__fatfs.a(ff.c.obj)
 .text.sync_fs  0x000000000800a8c8       0xb0 modules/fatfs/libmodules__fatfs.a(ff.c.obj)
 .text.mount_volume
                0x000000000800a978      0x444 modules/fatfs/libmodules__fatfs.a(ff.c.obj)
 .text.dir_next
                0x000000000800adbc       0xcc modules/fatfs/libmodules__fatfs.a(ff.c.obj)
 .text.dir_read.constprop.0
                0x000000000800ae88      0x140 modules/fatfs/libmodules__fatfs.a(ff.c.obj)
 .text.dir_find
                0x000000000800afc8      0x1f0 modules/fatfs/libmodules__fatfs.a(ff.c.obj)
 .text.dir_register
                0x000000000800b1b8      0x3a0 modules/fatfs/libmodules__fatfs.a(ff.c.obj)
 .text.follow_path
                0x000000000800b558      0x310 modules/fatfs/libmodules__fatfs.a(ff.c.obj)
 .text.f_mount  0x000000000800b868       0x54 modules/fatfs/libmodules__fatfs.a(ff.c.obj)
                0x000000000800b868                f_mount
 .text.f_mkfs   0x000000000800b8bc      0xd90 modules/fatfs/libmodules__fatfs.a(ff.c.obj)
                0x000000000800b8bc                f_mkfs
 .text.disk_status
                0x000000000800c64c       0x18 modules/fatfs/libmodules__fatfs.a(zfs_diskio.c.obj)
                0x000000000800c64c                disk_status
 .text.disk_initialize
                0x000000000800c664       0x18 modules/fatfs/libmodules__fatfs.a(zfs_diskio.c.obj)
                0x000000000800c664                disk_initialize
 .text.disk_read
                0x000000000800c67c       0x18 modules/fatfs/libmodules__fatfs.a(zfs_diskio.c.obj)
                0x000000000800c67c                disk_read
 .text.disk_write
                0x000000000800c694       0x18 modules/fatfs/libmodules__fatfs.a(zfs_diskio.c.obj)
                0x000000000800c694                disk_write
 .text.disk_ioctl
                0x000000000800c6ac       0x5c modules/fatfs/libmodules__fatfs.a(zfs_diskio.c.obj)
                0x000000000800c6ac                disk_ioctl
 .text.ff_uni2oem
                0x000000000800c708       0x38 modules/fatfs/libmodules__fatfs.a(ffunicode.c.obj)
                0x000000000800c708                ff_uni2oem
 .text.ff_oem2uni
                0x000000000800c740       0x28 modules/fatfs/libmodules__fatfs.a(ffunicode.c.obj)
                0x000000000800c740                ff_oem2uni
 .text.ff_wtoupper
                0x000000000800c768       0x94 modules/fatfs/libmodules__fatfs.a(ffunicode.c.obj)
                0x000000000800c768                ff_wtoupper
 .text.HAL_RCC_GetSysClockFreq
                0x000000000800c7fc       0x88 modules/stm32/stm32cube/lib..__modules__hal__stm32__stm32cube.a(stm32g0xx_hal_rcc.c.obj)
                0x000000000800c7fc                HAL_RCC_GetSysClockFreq
 .text.PCD_GET_EP_DBUF0_CNT.constprop.0
                0x000000000800c884       0x28 modules/stm32/stm32cube/lib..__modules__hal__stm32__stm32cube.a(stm32g0xx_hal_pcd.c.obj)
 .text.PCD_GET_EP_RX_CNT.constprop.0
                0x000000000800c8ac       0x28 modules/stm32/stm32cube/lib..__modules__hal__stm32__stm32cube.a(stm32g0xx_hal_pcd.c.obj)
 .text.HAL_PCD_Init
                0x000000000800c8d4       0xec modules/stm32/stm32cube/lib..__modules__hal__stm32__stm32cube.a(stm32g0xx_hal_pcd.c.obj)
                0x000000000800c8d4                HAL_PCD_Init
 .text.HAL_PCD_IRQHandler
                0x000000000800c9c0      0xac0 modules/stm32/stm32cube/lib..__modules__hal__stm32__stm32cube.a(stm32g0xx_hal_pcd.c.obj)
                0x000000000800c9c0                HAL_PCD_IRQHandler
 .text.LL_DMA_Init
                0x000000000800d480       0x74 modules/stm32/stm32cube/lib..__modules__hal__stm32__stm32cube.a(stm32g0xx_ll_dma.c.obj)
                0x000000000800d480                LL_DMA_Init
 .text.USB_EnableGlobalInt
                0x000000000800d4f4       0x10 modules/stm32/stm32cube/lib..__modules__hal__stm32__stm32cube.a(stm32g0xx_ll_usb.c.obj)
                0x000000000800d4f4                USB_EnableGlobalInt
 .text.USB_DisableGlobalInt
                0x000000000800d504       0x10 modules/stm32/stm32cube/lib..__modules__hal__stm32__stm32cube.a(stm32g0xx_ll_usb.c.obj)
                0x000000000800d504                USB_DisableGlobalInt
 .text.USB_ActivateEndpoint
                0x000000000800d514      0x2bc modules/stm32/stm32cube/lib..__modules__hal__stm32__stm32cube.a(stm32g0xx_ll_usb.c.obj)
                0x000000000800d514                USB_ActivateEndpoint
 .text.USB_DeactivateEndpoint
                0x000000000800d7d0      0x128 modules/stm32/stm32cube/lib..__modules__hal__stm32__stm32cube.a(stm32g0xx_ll_usb.c.obj)
                0x000000000800d7d0                USB_DeactivateEndpoint
 .text.USB_EPSetStall
                0x000000000800d8f8       0x3c modules/stm32/stm32cube/lib..__modules__hal__stm32__stm32cube.a(stm32g0xx_ll_usb.c.obj)
                0x000000000800d8f8                USB_EPSetStall
 .text.USB_EPClearStall
                0x000000000800d934       0x8c modules/stm32/stm32cube/lib..__modules__hal__stm32__stm32cube.a(stm32g0xx_ll_usb.c.obj)
                0x000000000800d934                USB_EPClearStall
 .text.USB_DevDisconnect
                0x000000000800d9c0       0x10 modules/stm32/stm32cube/lib..__modules__hal__stm32__stm32cube.a(stm32g0xx_ll_usb.c.obj)
                0x000000000800d9c0                USB_DevDisconnect
 .text.USB_WritePMA
                0x000000000800d9d0       0x68 modules/stm32/stm32cube/lib..__modules__hal__stm32__stm32cube.a(stm32g0xx_ll_usb.c.obj)
                0x000000000800d9d0                USB_WritePMA
 .text.USB_EPStartXfer
                0x000000000800da38      0x5fc modules/stm32/stm32cube/lib..__modules__hal__stm32__stm32cube.a(stm32g0xx_ll_usb.c.obj)
                0x000000000800da38                USB_EPStartXfer
 .text.USB_ReadPMA
                0x000000000800e034       0x5c modules/stm32/stm32cube/lib..__modules__hal__stm32__stm32cube.a(stm32g0xx_ll_usb.c.obj)
                0x000000000800e034                USB_ReadPMA
 .text.LL_SetFlashLatency
                0x000000000800e090       0x50 modules/stm32/stm32cube/lib..__modules__hal__stm32__stm32cube.a(stm32g0xx_ll_utils.c.obj)
                0x000000000800e090                LL_SetFlashLatency
 .text.boot_write_magic
                0x000000000800e0e0       0x34 modules/mcuboot/libmcuboot_util.a(bootutil_public.c.obj)
                0x000000000800e0e0                boot_write_magic
 .text.boot_read_swap_state
                0x000000000800e114       0xa8 modules/mcuboot/libmcuboot_util.a(bootutil_public.c.obj)
                0x000000000800e114                boot_read_swap_state
 .text.boot_set_pending_multi
                0x000000000800e1bc       0x38 modules/mcuboot/libmcuboot_util.a(bootutil_public.c.obj)
                0x000000000800e1bc                boot_set_pending_multi
 .text.z_fatal_error
                0x000000000800e1f4       0x28 zephyr/kernel/libkernel.a(fatal.c.obj)
                0x000000000800e1f4                z_fatal_error
 .text.z_sys_init_run_level
                0x000000000800e21c       0x54 zephyr/kernel/libkernel.a(init.c.obj)
 .text.bg_thread_main
                0x000000000800e270       0x34 zephyr/kernel/libkernel.a(init.c.obj)
 .text.z_bss_zero
                0x000000000800e2a4       0x18 zephyr/kernel/libkernel.a(init.c.obj)
                0x000000000800e2a4                z_bss_zero
 .text.z_init_cpu
                0x000000000800e2bc       0x8c zephyr/kernel/libkernel.a(init.c.obj)
                0x000000000800e2bc                z_init_cpu
 .text.z_cstart
                0x000000000800e348       0xc4 zephyr/kernel/libkernel.a(init.c.obj)
                0x000000000800e348                z_cstart
 .text.init_mem_slab_obj_core_list
                0x000000000800e40c       0x24 zephyr/kernel/libkernel.a(mem_slab.c.obj)
 .text.k_mem_slab_alloc
                0x000000000800e430       0x58 zephyr/kernel/libkernel.a(mem_slab.c.obj)
                0x000000000800e430                k_mem_slab_alloc
 .text.k_thread_foreach_unlocked
                0x000000000800e488       0x40 zephyr/kernel/libkernel.a(thread.c.obj)
                0x000000000800e488                k_thread_foreach_unlocked
 .text.z_thread_monitor_exit
                0x000000000800e4c8       0x3c zephyr/kernel/libkernel.a(thread.c.obj)
                0x000000000800e4c8                z_thread_monitor_exit
 .text.z_impl_k_thread_name_set
                0x000000000800e504       0x20 zephyr/kernel/libkernel.a(thread.c.obj)
                0x000000000800e504                z_impl_k_thread_name_set
 .text.z_check_stack_sentinel
                0x000000000800e524       0x28 zephyr/kernel/libkernel.a(thread.c.obj)
                0x000000000800e524                z_check_stack_sentinel
 .text.z_setup_new_thread
                0x000000000800e54c       0xfc zephyr/kernel/libkernel.a(thread.c.obj)
                0x000000000800e54c                z_setup_new_thread
 .text.z_impl_k_thread_create
                0x000000000800e648       0x58 zephyr/kernel/libkernel.a(thread.c.obj)
                0x000000000800e648                z_impl_k_thread_create
 .text.z_init_static_threads
                0x000000000800e6a0       0x7c zephyr/kernel/libkernel.a(thread.c.obj)
                0x000000000800e6a0                z_init_static_threads
 .text.z_thread_mark_switched_in
                0x000000000800e71c       0x10 zephyr/kernel/libkernel.a(thread.c.obj)
                0x000000000800e71c                z_thread_mark_switched_in
 .text.sliceable
                0x000000000800e72c       0x40 zephyr/kernel/libkernel.a(sched.c.obj)
 .text.slice_timeout
                0x000000000800e76c       0x20 zephyr/kernel/libkernel.a(sched.c.obj)
 .text.z_reset_time_slice
                0x000000000800e78c       0x4c zephyr/kernel/libkernel.a(sched.c.obj)
                0x000000000800e78c                z_reset_time_slice
 .text.update_cache
                0x000000000800e7d8       0x44 zephyr/kernel/libkernel.a(sched.c.obj)
 .text.move_thread_to_end_of_prio_q
                0x000000000800e81c       0x78 zephyr/kernel/libkernel.a(sched.c.obj)
 .text.ready_thread
                0x000000000800e894       0x6c zephyr/kernel/libkernel.a(sched.c.obj)
 .text.unready_thread
                0x000000000800e900       0x2c zephyr/kernel/libkernel.a(sched.c.obj)
 .text.pend_locked
                0x000000000800e92c       0x2c zephyr/kernel/libkernel.a(sched.c.obj)
 .text.z_thread_halt
                0x000000000800e958       0xb4 zephyr/kernel/libkernel.a(sched.c.obj)
 .text.z_time_slice
                0x000000000800ea0c       0x58 zephyr/kernel/libkernel.a(sched.c.obj)
                0x000000000800ea0c                z_time_slice
 .text.z_pend_curr
                0x000000000800ea64       0x30 zephyr/kernel/libkernel.a(sched.c.obj)
                0x000000000800ea64                z_pend_curr
 .text.z_set_prio
                0x000000000800ea94       0x8c zephyr/kernel/libkernel.a(sched.c.obj)
                0x000000000800ea94                z_set_prio
 .text.z_reschedule
                0x000000000800eb20       0x2c zephyr/kernel/libkernel.a(sched.c.obj)
                0x000000000800eb20                z_reschedule
 .text.z_sched_start
                0x000000000800eb4c       0x34 zephyr/kernel/libkernel.a(sched.c.obj)
                0x000000000800eb4c                z_sched_start
 .text.z_reschedule_irqlock
                0x000000000800eb80       0x2c zephyr/kernel/libkernel.a(sched.c.obj)
                0x000000000800eb80                z_reschedule_irqlock
 .text.k_sched_lock
                0x000000000800ebac       0x20 zephyr/kernel/libkernel.a(sched.c.obj)
                0x000000000800ebac                k_sched_lock
 .text.k_sched_unlock
                0x000000000800ebcc       0x2c zephyr/kernel/libkernel.a(sched.c.obj)
                0x000000000800ebcc                k_sched_unlock
 .text.z_sched_init
                0x000000000800ebf8       0x14 zephyr/kernel/libkernel.a(sched.c.obj)
                0x000000000800ebf8                z_sched_init
 .text.z_impl_k_yield
                0x000000000800ec0c       0x78 zephyr/kernel/libkernel.a(sched.c.obj)
                0x000000000800ec0c                z_impl_k_yield
 .text.z_tick_sleep
                0x000000000800ec84       0x8c zephyr/kernel/libkernel.a(sched.c.obj)
 .text.z_impl_k_sleep
                0x000000000800ed10       0x3c zephyr/kernel/libkernel.a(sched.c.obj)
                0x000000000800ed10                z_impl_k_sleep
 .text.z_impl_k_sched_current_thread_query
                0x000000000800ed4c        0xc zephyr/kernel/libkernel.a(sched.c.obj)
                0x000000000800ed4c                z_impl_k_sched_current_thread_query
 .text.z_sched_wait
                0x000000000800ed58       0x24 zephyr/kernel/libkernel.a(sched.c.obj)
                0x000000000800ed58                z_sched_wait
 .text.z_impl_k_msgq_put
                0x000000000800ed7c       0xac zephyr/kernel/libkernel.a(msg_q.c.obj)
                0x000000000800ed7c                z_impl_k_msgq_put
 .text.z_impl_k_msgq_get
                0x000000000800ee28       0xb0 zephyr/kernel/libkernel.a(msg_q.c.obj)
                0x000000000800ee28                z_impl_k_msgq_get
 .text.z_impl_k_mutex_unlock
                0x000000000800eed8       0x78 zephyr/kernel/libkernel.a(mutex.c.obj)
                0x000000000800eed8                z_impl_k_mutex_unlock
 .text.z_impl_k_mutex_lock
                0x000000000800ef50       0xf0 zephyr/kernel/libkernel.a(mutex.c.obj)
                0x000000000800ef50                z_impl_k_mutex_lock
 .text.z_impl_k_sem_give
                0x000000000800f040       0x48 zephyr/kernel/libkernel.a(sem.c.obj)
                0x000000000800f040                z_impl_k_sem_give
 .text.z_impl_k_sem_take
                0x000000000800f088       0x4c zephyr/kernel/libkernel.a(sem.c.obj)
                0x000000000800f088                z_impl_k_sem_take
 .text.z_impl_k_sem_reset
                0x000000000800f0d4       0x40 zephyr/kernel/libkernel.a(sem.c.obj)
                0x000000000800f0d4                z_impl_k_sem_reset
 .text.work_queue_main
                0x000000000800f114      0x138 zephyr/kernel/libkernel.a(work.c.obj)
 .text.submit_to_queue_locked
                0x000000000800f24c       0xd4 zephyr/kernel/libkernel.a(work.c.obj)
 .text.k_work_queue_start
                0x000000000800f320       0x78 zephyr/kernel/libkernel.a(work.c.obj)
                0x000000000800f320                k_work_queue_start
 .text.k_work_schedule_for_queue
                0x000000000800f398       0x50 zephyr/kernel/libkernel.a(work.c.obj)
                0x000000000800f398                k_work_schedule_for_queue
 .text.z_data_copy
                0x000000000800f3e8       0x34 zephyr/kernel/libkernel.a(xip.c.obj)
                0x000000000800f3e8                z_data_copy
 .text.elapsed  0x000000000800f41c       0x18 zephyr/kernel/libkernel.a(timeout.c.obj)
 .text.next_timeout
                0x000000000800f434       0x44 zephyr/kernel/libkernel.a(timeout.c.obj)
 .text.remove_timeout
                0x000000000800f478       0x38 zephyr/kernel/libkernel.a(timeout.c.obj)
 .text.z_add_timeout
                0x000000000800f4b0       0xdc zephyr/kernel/libkernel.a(timeout.c.obj)
                0x000000000800f4b0                z_add_timeout
 .text.sys_clock_announce
                0x000000000800f58c       0xdc zephyr/kernel/libkernel.a(timeout.c.obj)
                0x000000000800f58c                sys_clock_announce
 .text.sys_clock_tick_get
                0x000000000800f668       0x2c zephyr/kernel/libkernel.a(timeout.c.obj)
                0x000000000800f668                sys_clock_tick_get
 .text.z_timer_expiration_handler
                0x000000000800f694       0xec zephyr/kernel/libkernel.a(timer.c.obj)
                0x000000000800f694                z_timer_expiration_handler
 .text.z_impl_k_timer_start
                0x000000000800f780       0x70 zephyr/kernel/libkernel.a(timer.c.obj)
                0x000000000800f780                z_impl_k_timer_start
 .text.signal_poll_event
                0x000000000800f7f0       0x94 zephyr/kernel/libkernel.a(poll.c.obj)
 .text.z_sched_usage_start
                0x000000000800f884       0x18 zephyr/kernel/libkernel.a(usage.c.obj)
                0x000000000800f884                z_sched_usage_start
 .text.z_sched_usage_stop
                0x000000000800f89c       0x54 zephyr/kernel/libkernel.a(usage.c.obj)
                0x000000000800f89c                z_sched_usage_stop
 .text.z_sched_cpu_usage
                0x000000000800f8f0       0x88 zephyr/kernel/libkernel.a(usage.c.obj)
                0x000000000800f8f0                z_sched_cpu_usage
 .text.z_sched_thread_usage
                0x000000000800f978       0x78 zephyr/kernel/libkernel.a(usage.c.obj)
                0x000000000800f978                z_sched_thread_usage
 .text.k_aligned_alloc
                0x000000000800f9f0       0x14 zephyr/kernel/libkernel.a(mempool.c.obj)
                0x000000000800f9f0                k_aligned_alloc
 .text.k_thread_system_pool_assign
                0x000000000800fa04        0xc zephyr/kernel/libkernel.a(mempool.c.obj)
                0x000000000800fa04                k_thread_system_pool_assign
 .text.boot_banner
                0x000000000800fa10       0x10 zephyr/kernel/libkernel.a(banner.c.obj)
                0x000000000800fa10                boot_banner
 .text.statics_init
                0x000000000800fa20       0x24 zephyr/kernel/libkernel.a(kheap.c.obj)
 .text.k_sys_work_q_init
                0x000000000800fa44       0x34 zephyr/kernel/libkernel.a(system_work_q.c.obj)
 .text.snprintf
                0x000000000800fa78       0x5c c:\ncs\toolchains\fd21892d0f\opt\zephyr-sdk\arm-zephyr-eabi\bin\../lib/gcc/../../picolibc/arm-zephyr-eabi/lib/thumb/v6-m/nofp\libc.a(libc_tinystdio_snprintf.c.o)
                0x000000000800fa78                snprintf
 .text.strtod   0x000000000800fad4      0x454 c:\ncs\toolchains\fd21892d0f\opt\zephyr-sdk\arm-zephyr-eabi\bin\../lib/gcc/../../picolibc/arm-zephyr-eabi/lib/thumb/v6-m/nofp\libc.a(libc_tinystdio_strtod.c.o)
                0x000000000800fad4                strtod
                0x000000000800fad4                strtold
 .text.strtol   0x000000000800ff28       0xf4 c:\ncs\toolchains\fd21892d0f\opt\zephyr-sdk\arm-zephyr-eabi\bin\../lib/gcc/../../picolibc/arm-zephyr-eabi/lib/thumb/v6-m/nofp\libc.a(libc_tinystdio_strtol.c.o)
                0x000000000800ff28                strtol
 .text.strtoul  0x000000000801001c      0x124 c:\ncs\toolchains\fd21892d0f\opt\zephyr-sdk\arm-zephyr-eabi\bin\../lib/gcc/../../picolibc/arm-zephyr-eabi/lib/thumb/v6-m/nofp\libc.a(libc_tinystdio_strtoul.c.o)
                0x000000000801001c                strtoul
 .text.skip_to_arg
                0x0000000008010140      0x164 c:\ncs\toolchains\fd21892d0f\opt\zephyr-sdk\arm-zephyr-eabi\bin\../lib/gcc/../../picolibc/arm-zephyr-eabi/lib/thumb/v6-m/nofp\libc.a(libc_tinystdio_vfprintf.c.o)
 .text.vfprintf
                0x00000000080102a4      0xa0c c:\ncs\toolchains\fd21892d0f\opt\zephyr-sdk\arm-zephyr-eabi\bin\../lib/gcc/../../picolibc/arm-zephyr-eabi/lib/thumb/v6-m/nofp\libc.a(libc_tinystdio_vfprintf.c.o)
                0x00000000080102a4                __d_vfprintf
 .text.vsnprintf
                0x0000000008010cb0       0x58 c:\ncs\toolchains\fd21892d0f\opt\zephyr-sdk\arm-zephyr-eabi\bin\../lib/gcc/../../picolibc/arm-zephyr-eabi/lib/thumb/v6-m/nofp\libc.a(libc_tinystdio_vsnprintf.c.o)
                0x0000000008010cb0                vsnprintf
 .text.__atod_engine
                0x0000000008010d08      0x168 c:\ncs\toolchains\fd21892d0f\opt\zephyr-sdk\arm-zephyr-eabi\bin\../lib/gcc/../../picolibc/arm-zephyr-eabi/lib/thumb/v6-m/nofp\libc.a(libc_tinystdio_atod_ryu.c.o)
                0x0000000008010d08                __atod_engine
 .text.div10    0x0000000008010e70       0x28 c:\ncs\toolchains\fd21892d0f\opt\zephyr-sdk\arm-zephyr-eabi\bin\../lib/gcc/../../picolibc/arm-zephyr-eabi/lib/thumb/v6-m/nofp\libc.a(libc_tinystdio_dtoa_ryu.c.o)
 .text.__dtoa_engine
                0x0000000008010e98      0x4f0 c:\ncs\toolchains\fd21892d0f\opt\zephyr-sdk\arm-zephyr-eabi\bin\../lib/gcc/../../picolibc/arm-zephyr-eabi/lib/thumb/v6-m/nofp\libc.a(libc_tinystdio_dtoa_ryu.c.o)
                0x0000000008010e98                __dtoa_engine
 .text.__log10Pow2
                0x0000000008011388        0xc c:\ncs\toolchains\fd21892d0f\opt\zephyr-sdk\arm-zephyr-eabi\bin\../lib/gcc/../../picolibc/arm-zephyr-eabi/lib/thumb/v6-m/nofp\libc.a(libc_tinystdio_ryu_log10.c.o)
                0x0000000008011388                __log10Pow2
 .text.__log10Pow5
                0x0000000008011394        0xc c:\ncs\toolchains\fd21892d0f\opt\zephyr-sdk\arm-zephyr-eabi\bin\../lib/gcc/../../picolibc/arm-zephyr-eabi/lib/thumb/v6-m/nofp\libc.a(libc_tinystdio_ryu_log10.c.o)
                0x0000000008011394                __log10Pow5
 .text.__log2pow5
                0x00000000080113a0        0xc c:\ncs\toolchains\fd21892d0f\opt\zephyr-sdk\arm-zephyr-eabi\bin\../lib/gcc/../../picolibc/arm-zephyr-eabi/lib/thumb/v6-m/nofp\libc.a(libc_tinystdio_ryu_log2pow5.c.o)
                0x00000000080113a0                __log2pow5
 .text.__ceil_log2pow5
                0x00000000080113ac       0x10 c:\ncs\toolchains\fd21892d0f\opt\zephyr-sdk\arm-zephyr-eabi\bin\../lib/gcc/../../picolibc/arm-zephyr-eabi/lib/thumb/v6-m/nofp\libc.a(libc_tinystdio_ryu_log2pow5.c.o)
                0x00000000080113ac                __ceil_log2pow5
 .text.__pow5bits
                0x00000000080113bc       0x10 c:\ncs\toolchains\fd21892d0f\opt\zephyr-sdk\arm-zephyr-eabi\bin\../lib/gcc/../../picolibc/arm-zephyr-eabi/lib/thumb/v6-m/nofp\libc.a(libc_tinystdio_ryu_pow5bits.c.o)
                0x00000000080113bc                __pow5bits
 .text.__pow5Factor
                0x00000000080113cc       0x2c c:\ncs\toolchains\fd21892d0f\opt\zephyr-sdk\arm-zephyr-eabi\bin\../lib/gcc/../../picolibc/arm-zephyr-eabi/lib/thumb/v6-m/nofp\libc.a(libc_tinystdio_ryu_table.c.o)
                0x00000000080113cc                __pow5Factor
 .text.__double_computePow5
                0x00000000080113f8       0xf8 c:\ncs\toolchains\fd21892d0f\opt\zephyr-sdk\arm-zephyr-eabi\bin\../lib/gcc/../../picolibc/arm-zephyr-eabi/lib/thumb/v6-m/nofp\libc.a(libc_tinystdio_ryu_table.c.o)
                0x00000000080113f8                __double_computePow5
 .text.__double_computeInvPow5
                0x00000000080114f0      0x100 c:\ncs\toolchains\fd21892d0f\opt\zephyr-sdk\arm-zephyr-eabi\bin\../lib/gcc/../../picolibc/arm-zephyr-eabi/lib/thumb/v6-m/nofp\libc.a(libc_tinystdio_ryu_table.c.o)
                0x00000000080114f0                __double_computeInvPow5
 .text.__fpclassifyd
                0x00000000080115f0       0x38 c:\ncs\toolchains\fd21892d0f\opt\zephyr-sdk\arm-zephyr-eabi\bin\../lib/gcc/../../picolibc/arm-zephyr-eabi/lib/thumb/v6-m/nofp\libc.a(libm_common_s_fpclassify.c.o)
                0x00000000080115f0                __fpclassifyd
                0x00000000080115f0                __fpclassifyl
 .text.__dtox_engine
                0x0000000008011628      0x13c c:\ncs\toolchains\fd21892d0f\opt\zephyr-sdk\arm-zephyr-eabi\bin\../lib/gcc/../../picolibc/arm-zephyr-eabi/lib/thumb/v6-m/nofp\libc.a(libc_tinystdio_dtox_engine.c.o)
                0x0000000008011628                __dtox_engine
 .text._OffsetAbsSyms
                0x0000000008011764        0x2 zephyr/CMakeFiles/offsets.dir/./arch/arm/core/offsets/offsets.c.obj
                0x0000000008011764                _OffsetAbsSyms
 .text.k_msleep.isra.0
                0x0000000008011766       0x18 app/libapp.a(main.c.obj)
 .text.joystick_thread_fn
                0x000000000801177e       0x6e app/libapp.a(main.c.obj)
 .text.Telemetry_SetFastTarget
                0x00000000080117ec        0x2 app/libapp.a(main.c.obj)
                0x00000000080117ec                Telemetry_SetFastTarget
 .text.fs_file_t_init
                0x00000000080117ee        0xc app/libapp.a(frontend_api.c.obj)
 .text.k_uptime_get_32
                0x00000000080117fa       0x10 app/libapp.a(frontend_api.c.obj)
 .text.Cmd_DELAY
                0x000000000801180a       0x22 app/libapp.a(frontend_api.c.obj)
 .text.i2c_transfer
                0x000000000801182c        0xa app/libapp.a(bq25798.c.obj)
 .text.k_msleep.isra.0
                0x0000000008011836       0x12 app/libapp.a(bq25798.c.obj)
 .text.BQ25798_SetChargeCurrent
                0x0000000008011848       0x12 app/libapp.a(bq25798.c.obj)
                0x0000000008011848                BQ25798_SetChargeCurrent
 .text.BQ25798_SetInputCurrent
                0x000000000801185a       0x12 app/libapp.a(bq25798.c.obj)
                0x000000000801185a                BQ25798_SetInputCurrent
 .text.BQ25798_SetChargeVoltage
                0x000000000801186c       0x12 app/libapp.a(bq25798.c.obj)
                0x000000000801186c                BQ25798_SetChargeVoltage
 .text.BQ25798_SetInputVoltageLimit
                0x000000000801187e       0x12 app/libapp.a(bq25798.c.obj)
                0x000000000801187e                BQ25798_SetInputVoltageLimit
 .text.BQ25798_SetTermCurrent
                0x0000000008011890       0x14 app/libapp.a(bq25798.c.obj)
                0x0000000008011890                BQ25798_SetTermCurrent
 .text.BQ25798_SetOTGCurrent
                0x00000000080118a4       0x20 app/libapp.a(bq25798.c.obj)
                0x00000000080118a4                BQ25798_SetOTGCurrent
 .text.BQ25798_SetChargeEnable
                0x00000000080118c4       0x12 app/libapp.a(bq25798.c.obj)
                0x00000000080118c4                BQ25798_SetChargeEnable
 .text.BQ25798_SetHiZ
                0x00000000080118d6       0x12 app/libapp.a(bq25798.c.obj)
                0x00000000080118d6                BQ25798_SetHiZ
 .text.BQ25798_SetOTG
                0x00000000080118e8       0x12 app/libapp.a(bq25798.c.obj)
                0x00000000080118e8                BQ25798_SetOTG
 .text.BQ25798_SetInputDisconnect
                0x00000000080118fa       0x12 app/libapp.a(bq25798.c.obj)
                0x00000000080118fa                BQ25798_SetInputDisconnect
 .text.BQ25798_SetShipMode
                0x000000000801190c       0x10 app/libapp.a(bq25798.c.obj)
                0x000000000801190c                BQ25798_SetShipMode
 .text.BQ25798_EnableBackup5V5
                0x000000000801191c       0x32 app/libapp.a(bq25798.c.obj)
                0x000000000801191c                BQ25798_EnableBackup5V5
 .text.BQ25798_SetBackup
                0x000000000801194e       0x12 app/libapp.a(bq25798.c.obj)
                0x000000000801194e                BQ25798_SetBackup
 .text.BQ25798_SetBackupACFET
                0x0000000008011960       0x12 app/libapp.a(bq25798.c.obj)
                0x0000000008011960                BQ25798_SetBackupACFET
 .text.BQ25798_SetPFM_FWD
                0x0000000008011972       0x12 app/libapp.a(bq25798.c.obj)
                0x0000000008011972                BQ25798_SetPFM_FWD
 .text.BQ25798_SetPFM_OTG
                0x0000000008011984       0x12 app/libapp.a(bq25798.c.obj)
                0x0000000008011984                BQ25798_SetPFM_OTG
 .text.BQ25798_SetWatchdog
                0x0000000008011996       0x14 app/libapp.a(bq25798.c.obj)
                0x0000000008011996                BQ25798_SetWatchdog
 .text.BQ25798_ForceDetection
                0x00000000080119aa       0x18 app/libapp.a(bq25798.c.obj)
                0x00000000080119aa                BQ25798_ForceDetection
 .text.Save_Configs
                0x00000000080119c2        0x2 app/libapp.a(fpga.c.obj)